GAS LISTING C:\Users\hugo\AppData\Local\Temp\cc8SfFJp.s 			page 1


   1              		.file	"gd32vf103_usb_it.c"
   2              		.option nopic
   3              		.attribute arch, "rv32i2p0_m2p0_a2p0_c2p0"
   4              		.attribute unaligned_access, 0
   5              		.attribute stack_align, 16
   6              		.text
   7              	.Ltext0:
   8              		.cfi_sections	.debug_frame
   9              		.comm	USB_OTG_dev,1076,4
  10              		.section	.text.USBFS_IRQHandler,"ax",@progbits
  11              		.align	1
  12              		.globl	USBFS_IRQHandler
  14              	USBFS_IRQHandler:
  15              	.LFB6:
  16              		.file 1 "./../../firmware/debugger/lib/usbcdc/src/gd32vf103_usb_it.c"
   1:./../../firmware/debugger/lib/usbcdc/src/gd32vf103_usb_it.c **** /*!
   2:./../../firmware/debugger/lib/usbcdc/src/gd32vf103_usb_it.c ****     \file  gd32vf103_it.c
   3:./../../firmware/debugger/lib/usbcdc/src/gd32vf103_usb_it.c ****     \brief main interrupt service routines
   4:./../../firmware/debugger/lib/usbcdc/src/gd32vf103_usb_it.c **** 
   5:./../../firmware/debugger/lib/usbcdc/src/gd32vf103_usb_it.c ****     \version 2019-6-5, V1.0.0, demo for GD32VF103
   6:./../../firmware/debugger/lib/usbcdc/src/gd32vf103_usb_it.c **** */
   7:./../../firmware/debugger/lib/usbcdc/src/gd32vf103_usb_it.c **** 
   8:./../../firmware/debugger/lib/usbcdc/src/gd32vf103_usb_it.c **** /*
   9:./../../firmware/debugger/lib/usbcdc/src/gd32vf103_usb_it.c ****     Copyright (c) 2019, GigaDevice Semiconductor Inc.
  10:./../../firmware/debugger/lib/usbcdc/src/gd32vf103_usb_it.c **** 
  11:./../../firmware/debugger/lib/usbcdc/src/gd32vf103_usb_it.c ****     Redistribution and use in source and binary forms, with or without modification, 
  12:./../../firmware/debugger/lib/usbcdc/src/gd32vf103_usb_it.c **** are permitted provided that the following conditions are met:
  13:./../../firmware/debugger/lib/usbcdc/src/gd32vf103_usb_it.c **** 
  14:./../../firmware/debugger/lib/usbcdc/src/gd32vf103_usb_it.c ****     1. Redistributions of source code must retain the above copyright notice, this 
  15:./../../firmware/debugger/lib/usbcdc/src/gd32vf103_usb_it.c ****        list of conditions and the following disclaimer.
  16:./../../firmware/debugger/lib/usbcdc/src/gd32vf103_usb_it.c ****     2. Redistributions in binary form must reproduce the above copyright notice, 
  17:./../../firmware/debugger/lib/usbcdc/src/gd32vf103_usb_it.c ****        this list of conditions and the following disclaimer in the documentation 
  18:./../../firmware/debugger/lib/usbcdc/src/gd32vf103_usb_it.c ****        and/or other materials provided with the distribution.
  19:./../../firmware/debugger/lib/usbcdc/src/gd32vf103_usb_it.c ****     3. Neither the name of the copyright holder nor the names of its contributors 
  20:./../../firmware/debugger/lib/usbcdc/src/gd32vf103_usb_it.c ****        may be used to endorse or promote products derived from this software without 
  21:./../../firmware/debugger/lib/usbcdc/src/gd32vf103_usb_it.c ****        specific prior written permission.
  22:./../../firmware/debugger/lib/usbcdc/src/gd32vf103_usb_it.c **** 
  23:./../../firmware/debugger/lib/usbcdc/src/gd32vf103_usb_it.c ****     THIS SOFTWARE IS PROVIDED BY THE COPYRIGHT HOLDERS AND CONTRIBUTORS "AS IS" 
  24:./../../firmware/debugger/lib/usbcdc/src/gd32vf103_usb_it.c **** AND ANY EXPRESS OR IMPLIED WARRANTIES, INCLUDING, BUT NOT LIMITED TO, THE IMPLIED 
  25:./../../firmware/debugger/lib/usbcdc/src/gd32vf103_usb_it.c **** WARRANTIES OF MERCHANTABILITY AND FITNESS FOR A PARTICULAR PURPOSE ARE DISCLAIMED. 
  26:./../../firmware/debugger/lib/usbcdc/src/gd32vf103_usb_it.c **** IN NO EVENT SHALL THE COPYRIGHT HOLDER OR CONTRIBUTORS BE LIABLE FOR ANY DIRECT, 
  27:./../../firmware/debugger/lib/usbcdc/src/gd32vf103_usb_it.c **** INDIRECT, INCIDENTAL, SPECIAL, EXEMPLARY, OR CONSEQUENTIAL DAMAGES (INCLUDING, BUT 
  28:./../../firmware/debugger/lib/usbcdc/src/gd32vf103_usb_it.c **** NOT LIMITED TO, PROCUREMENT OF SUBSTITUTE GOODS OR SERVICES; LOSS OF USE, DATA, OR 
  29:./../../firmware/debugger/lib/usbcdc/src/gd32vf103_usb_it.c **** PROFITS; OR BUSINESS INTERRUPTION) HOWEVER CAUSED AND ON ANY THEORY OF LIABILITY, 
  30:./../../firmware/debugger/lib/usbcdc/src/gd32vf103_usb_it.c **** WHETHER IN CONTRACT, STRICT LIABILITY, OR TORT (INCLUDING NEGLIGENCE OR OTHERWISE) 
  31:./../../firmware/debugger/lib/usbcdc/src/gd32vf103_usb_it.c **** ARISING IN ANY WAY OUT OF THE USE OF THIS SOFTWARE, EVEN IF ADVISED OF THE POSSIBILITY 
  32:./../../firmware/debugger/lib/usbcdc/src/gd32vf103_usb_it.c **** OF SUCH DAMAGE.
  33:./../../firmware/debugger/lib/usbcdc/src/gd32vf103_usb_it.c **** */
  34:./../../firmware/debugger/lib/usbcdc/src/gd32vf103_usb_it.c **** 
  35:./../../firmware/debugger/lib/usbcdc/src/gd32vf103_usb_it.c **** #include "gd32vf103.h"
  36:./../../firmware/debugger/lib/usbcdc/src/gd32vf103_usb_it.c **** #include "drv_usbd_int.h"
  37:./../../firmware/debugger/lib/usbcdc/src/gd32vf103_usb_it.c **** #include "drv_usb_hw.h"
  38:./../../firmware/debugger/lib/usbcdc/src/gd32vf103_usb_it.c **** #include "gd32vf103_usb_it.h"
  39:./../../firmware/debugger/lib/usbcdc/src/gd32vf103_usb_it.c **** #include "usb_serial_if.h"
  40:./../../firmware/debugger/lib/usbcdc/src/gd32vf103_usb_it.c **** 
  41:./../../firmware/debugger/lib/usbcdc/src/gd32vf103_usb_it.c **** #define DEBUG_SP() asm volatile("csrrw sp, mscratch, sp")
  42:./../../firmware/debugger/lib/usbcdc/src/gd32vf103_usb_it.c **** //#define DEBUG_PIN_ON() gpio_bit_set(GPIOB, GPIO_PIN_0)
GAS LISTING C:\Users\hugo\AppData\Local\Temp\cc8SfFJp.s 			page 2


  43:./../../firmware/debugger/lib/usbcdc/src/gd32vf103_usb_it.c **** //#define DEBUG_PIN_OFF() gpio_bit_reset(GPIOB, GPIO_PIN_0)
  44:./../../firmware/debugger/lib/usbcdc/src/gd32vf103_usb_it.c **** 
  45:./../../firmware/debugger/lib/usbcdc/src/gd32vf103_usb_it.c **** extern usb_core_driver USB_OTG_dev;
  46:./../../firmware/debugger/lib/usbcdc/src/gd32vf103_usb_it.c **** extern uint32_t usbfs_prescaler;
  47:./../../firmware/debugger/lib/usbcdc/src/gd32vf103_usb_it.c **** 
  48:./../../firmware/debugger/lib/usbcdc/src/gd32vf103_usb_it.c **** extern void usb_timer_irq(void);
  49:./../../firmware/debugger/lib/usbcdc/src/gd32vf103_usb_it.c **** 
  50:./../../firmware/debugger/lib/usbcdc/src/gd32vf103_usb_it.c **** /*!
  51:./../../firmware/debugger/lib/usbcdc/src/gd32vf103_usb_it.c ****     \brief      this function handles USBD interrupt//
  52:./../../firmware/debugger/lib/usbcdc/src/gd32vf103_usb_it.c ****     \param[in]  none
  53:./../../firmware/debugger/lib/usbcdc/src/gd32vf103_usb_it.c ****     \param[out] none
  54:./../../firmware/debugger/lib/usbcdc/src/gd32vf103_usb_it.c ****     \retval     none
  55:./../../firmware/debugger/lib/usbcdc/src/gd32vf103_usb_it.c **** */
  56:./../../firmware/debugger/lib/usbcdc/src/gd32vf103_usb_it.c **** void USBFS_IRQHandler (void)
  57:./../../firmware/debugger/lib/usbcdc/src/gd32vf103_usb_it.c **** { 
  17              		.loc 1 57 1
  18              		.cfi_startproc
  58:./../../firmware/debugger/lib/usbcdc/src/gd32vf103_usb_it.c ****     //DEBUG_PIN_ON();
  59:./../../firmware/debugger/lib/usbcdc/src/gd32vf103_usb_it.c ****     usbd_isr (&USB_OTG_dev);
  19              		.loc 1 59 5
  20 0000 37050000 		lui	a0,%hi(USB_OTG_dev)
  21 0004 13050500 		addi	a0,a0,%lo(USB_OTG_dev)
  22 0008 17030000 		tail	usbd_isr
  22      67000300 
  23              	.LVL0:
  24              		.cfi_endproc
  25              	.LFE6:
  27              		.section	.text.USBFS_WKUP_IRQHandler,"ax",@progbits
  28              		.align	1
  29              		.globl	USBFS_WKUP_IRQHandler
  31              	USBFS_WKUP_IRQHandler:
  32              	.LFB7:
  60:./../../firmware/debugger/lib/usbcdc/src/gd32vf103_usb_it.c **** }
  61:./../../firmware/debugger/lib/usbcdc/src/gd32vf103_usb_it.c **** 
  62:./../../firmware/debugger/lib/usbcdc/src/gd32vf103_usb_it.c **** 
  63:./../../firmware/debugger/lib/usbcdc/src/gd32vf103_usb_it.c **** 
  64:./../../firmware/debugger/lib/usbcdc/src/gd32vf103_usb_it.c **** /*!
  65:./../../firmware/debugger/lib/usbcdc/src/gd32vf103_usb_it.c ****     \brief      this function handles USBD wakeup interrupt request.
  66:./../../firmware/debugger/lib/usbcdc/src/gd32vf103_usb_it.c ****     \param[in]  none
  67:./../../firmware/debugger/lib/usbcdc/src/gd32vf103_usb_it.c ****     \param[out] none
  68:./../../firmware/debugger/lib/usbcdc/src/gd32vf103_usb_it.c ****     \retval     none
  69:./../../firmware/debugger/lib/usbcdc/src/gd32vf103_usb_it.c **** */
  70:./../../firmware/debugger/lib/usbcdc/src/gd32vf103_usb_it.c **** void USBFS_WKUP_IRQHandler(void)
  71:./../../firmware/debugger/lib/usbcdc/src/gd32vf103_usb_it.c **** {
  33              		.loc 1 71 1
  34              		.cfi_startproc
  72:./../../firmware/debugger/lib/usbcdc/src/gd32vf103_usb_it.c ****     //DEBUG_PIN_ON();
  73:./../../firmware/debugger/lib/usbcdc/src/gd32vf103_usb_it.c ****     if (USB_OTG_dev.bp.low_power) {
  35              		.loc 1 73 5
  71:./../../firmware/debugger/lib/usbcdc/src/gd32vf103_usb_it.c ****     //DEBUG_PIN_ON();
  36              		.loc 1 71 1 is_stmt 0
  37 0000 4111     		addi	sp,sp,-16
  38              	.LCFI0:
  39              		.cfi_def_cfa_offset 16
  40 0002 22C4     		sw	s0,8(sp)
  41              		.cfi_offset 8, -8
  42              		.loc 1 73 23
GAS LISTING C:\Users\hugo\AppData\Local\Temp\cc8SfFJp.s 			page 3


  43 0004 37040000 		lui	s0,%hi(USB_OTG_dev)
  71:./../../firmware/debugger/lib/usbcdc/src/gd32vf103_usb_it.c ****     //DEBUG_PIN_ON();
  44              		.loc 1 71 1
  45 0008 06C6     		sw	ra,12(sp)
  46              		.cfi_offset 1, -4
  47              		.loc 1 73 23
  48 000a 93070400 		addi	a5,s0,%lo(USB_OTG_dev)
  49              		.loc 1 73 8
  50 000e 83C77700 		lbu	a5,7(a5)
  51 0012 8DCB     		beq	a5,zero,.L3
  74:./../../firmware/debugger/lib/usbcdc/src/gd32vf103_usb_it.c ****         //SystemInit();
  75:./../../firmware/debugger/lib/usbcdc/src/gd32vf103_usb_it.c ****         set_usb_clock_96m_hxtal();
  52              		.loc 1 75 9 is_stmt 1
  53 0014 97000000 		call	set_usb_clock_96m_hxtal
  53      E7800000 
  54              	.LVL1:
  76:./../../firmware/debugger/lib/usbcdc/src/gd32vf103_usb_it.c ****         rcu_usb_clock_config(usbfs_prescaler);
  55              		.loc 1 76 9
  56 001c B7070000 		lui	a5,%hi(usbfs_prescaler)
  57 0020 03A50700 		lw	a0,%lo(usbfs_prescaler)(a5)
  58 0024 97000000 		call	rcu_usb_clock_config
  58      E7800000 
  59              	.LVL2:
  77:./../../firmware/debugger/lib/usbcdc/src/gd32vf103_usb_it.c **** 
  78:./../../firmware/debugger/lib/usbcdc/src/gd32vf103_usb_it.c ****         rcu_periph_clock_enable(RCU_USBFS);
  60              		.loc 1 78 9
  61 002c 1305C050 		li	a0,1292
  62 0030 97000000 		call	rcu_periph_clock_enable
  62      E7800000 
  63              	.LVL3:
  79:./../../firmware/debugger/lib/usbcdc/src/gd32vf103_usb_it.c **** 
  80:./../../firmware/debugger/lib/usbcdc/src/gd32vf103_usb_it.c ****         usb_clock_active(&USB_OTG_dev);
  64              		.loc 1 80 9
  65 0038 13050400 		addi	a0,s0,%lo(USB_OTG_dev)
  66 003c 97000000 		call	usb_clock_active
  66      E7800000 
  67              	.LVL4:
  68              	.L3:
  81:./../../firmware/debugger/lib/usbcdc/src/gd32vf103_usb_it.c ****     }
  82:./../../firmware/debugger/lib/usbcdc/src/gd32vf103_usb_it.c **** 
  83:./../../firmware/debugger/lib/usbcdc/src/gd32vf103_usb_it.c ****     exti_interrupt_flag_clear(EXTI_18);
  69              		.loc 1 83 5
  84:./../../firmware/debugger/lib/usbcdc/src/gd32vf103_usb_it.c **** }
  70              		.loc 1 84 1 is_stmt 0
  71 0044 2244     		lw	s0,8(sp)
  72              		.cfi_restore 8
  73 0046 B240     		lw	ra,12(sp)
  74              		.cfi_restore 1
  83:./../../firmware/debugger/lib/usbcdc/src/gd32vf103_usb_it.c **** }
  75              		.loc 1 83 5
  76 0048 37050400 		li	a0,262144
  77              		.loc 1 84 1
  78 004c 4101     		addi	sp,sp,16
  79              	.LCFI1:
  80              		.cfi_def_cfa_offset 0
  83:./../../firmware/debugger/lib/usbcdc/src/gd32vf103_usb_it.c **** }
  81              		.loc 1 83 5
GAS LISTING C:\Users\hugo\AppData\Local\Temp\cc8SfFJp.s 			page 4


  82 004e 17030000 		tail	exti_interrupt_flag_clear
  82      67000300 
  83              	.LVL5:
  84              		.cfi_endproc
  85              	.LFE7:
  87              		.text
  88              	.Letext0:
  89              		.file 2 "c:\\users\\hugo\\kth\\mikrodatorteknik\\toolchain-gd32v-v202-win\\compiler\\riscv64-unkno
  90              		.file 3 "c:\\users\\hugo\\kth\\mikrodatorteknik\\toolchain-gd32v-v202-win\\compiler\\riscv64-unkno
  91              		.file 4 "./../../firmware/GD32VF103_standard_peripheral/Include/gd32vf103_exti.h"
  92              		.file 5 "./../../firmware/GD32VF103_standard_peripheral/Include/gd32vf103_rcu.h"
  93              		.file 6 "./../../firmware/debugger/lib/usbcdc/include/drv_usb_regs.h"
  94              		.file 7 "./../../firmware/GD32VF103_standard_peripheral/system_gd32vf103.h"
  95              		.file 8 "./../../firmware/debugger/lib/usbcdc/include/usb_ch9_std.h"
  96              		.file 9 "./../../firmware/debugger/lib/usbcdc/include/drv_usb_core.h"
  97              		.file 10 "./../../firmware/debugger/lib/usbcdc/include/drv_usb_dev.h"
  98              		.file 11 "c:\\users\\hugo\\kth\\mikrodatorteknik\\toolchain-gd32v-v202-win\\compiler\\lib\\gcc\\ri
  99              		.file 12 "c:\\users\\hugo\\kth\\mikrodatorteknik\\toolchain-gd32v-v202-win\\compiler\\riscv64-unkn
 100              		.file 13 "c:\\users\\hugo\\kth\\mikrodatorteknik\\toolchain-gd32v-v202-win\\compiler\\riscv64-unkn
 101              		.file 14 "c:\\users\\hugo\\kth\\mikrodatorteknik\\toolchain-gd32v-v202-win\\compiler\\riscv64-unkn
 102              		.file 15 "./../../firmware/debugger/lib/usbcdc/include/cdc_acm_core.h"
 103              		.file 16 "c:\\users\\hugo\\kth\\mikrodatorteknik\\toolchain-gd32v-v202-win\\compiler\\riscv64-unkn
 104              		.file 17 "./../../firmware/debugger/lib/usbcdc/include/usb_serial_if.h"
 105              		.file 18 "./../../firmware/debugger/lib/usbcdc/include/drv_usbd_int.h"
GAS LISTING C:\Users\hugo\AppData\Local\Temp\cc8SfFJp.s 			page 5


DEFINED SYMBOLS
                            *ABS*:0000000000000000 gd32vf103_usb_it.c
                            *COM*:0000000000000434 USB_OTG_dev
C:\Users\hugo\AppData\Local\Temp\cc8SfFJp.s:14     .text.USBFS_IRQHandler:0000000000000000 USBFS_IRQHandler
C:\Users\hugo\AppData\Local\Temp\cc8SfFJp.s:18     .text.USBFS_IRQHandler:0000000000000000 .L0 
C:\Users\hugo\AppData\Local\Temp\cc8SfFJp.s:19     .text.USBFS_IRQHandler:0000000000000000 .L0 
C:\Users\hugo\AppData\Local\Temp\cc8SfFJp.s:20     .text.USBFS_IRQHandler:0000000000000000 .L0 
C:\Users\hugo\AppData\Local\Temp\cc8SfFJp.s:24     .text.USBFS_IRQHandler:0000000000000010 .L0 
C:\Users\hugo\AppData\Local\Temp\cc8SfFJp.s:31     .text.USBFS_WKUP_IRQHandler:0000000000000000 USBFS_WKUP_IRQHandler
C:\Users\hugo\AppData\Local\Temp\cc8SfFJp.s:34     .text.USBFS_WKUP_IRQHandler:0000000000000000 .L0 
C:\Users\hugo\AppData\Local\Temp\cc8SfFJp.s:35     .text.USBFS_WKUP_IRQHandler:0000000000000000 .L0 
C:\Users\hugo\AppData\Local\Temp\cc8SfFJp.s:36     .text.USBFS_WKUP_IRQHandler:0000000000000000 .L0 
C:\Users\hugo\AppData\Local\Temp\cc8SfFJp.s:37     .text.USBFS_WKUP_IRQHandler:0000000000000000 .L0 
C:\Users\hugo\AppData\Local\Temp\cc8SfFJp.s:39     .text.USBFS_WKUP_IRQHandler:0000000000000002 .L0 
C:\Users\hugo\AppData\Local\Temp\cc8SfFJp.s:41     .text.USBFS_WKUP_IRQHandler:0000000000000004 .L0 
C:\Users\hugo\AppData\Local\Temp\cc8SfFJp.s:43     .text.USBFS_WKUP_IRQHandler:0000000000000004 .L0 
C:\Users\hugo\AppData\Local\Temp\cc8SfFJp.s:45     .text.USBFS_WKUP_IRQHandler:0000000000000008 .L0 
C:\Users\hugo\AppData\Local\Temp\cc8SfFJp.s:46     .text.USBFS_WKUP_IRQHandler:000000000000000a .L0 
C:\Users\hugo\AppData\Local\Temp\cc8SfFJp.s:48     .text.USBFS_WKUP_IRQHandler:000000000000000a .L0 
C:\Users\hugo\AppData\Local\Temp\cc8SfFJp.s:50     .text.USBFS_WKUP_IRQHandler:000000000000000e .L0 
C:\Users\hugo\AppData\Local\Temp\cc8SfFJp.s:53     .text.USBFS_WKUP_IRQHandler:0000000000000014 .L0 
C:\Users\hugo\AppData\Local\Temp\cc8SfFJp.s:56     .text.USBFS_WKUP_IRQHandler:000000000000001c .L0 
C:\Users\hugo\AppData\Local\Temp\cc8SfFJp.s:61     .text.USBFS_WKUP_IRQHandler:000000000000002c .L0 
C:\Users\hugo\AppData\Local\Temp\cc8SfFJp.s:65     .text.USBFS_WKUP_IRQHandler:0000000000000038 .L0 
C:\Users\hugo\AppData\Local\Temp\cc8SfFJp.s:70     .text.USBFS_WKUP_IRQHandler:0000000000000044 .L0 
C:\Users\hugo\AppData\Local\Temp\cc8SfFJp.s:71     .text.USBFS_WKUP_IRQHandler:0000000000000044 .L0 
C:\Users\hugo\AppData\Local\Temp\cc8SfFJp.s:72     .text.USBFS_WKUP_IRQHandler:0000000000000046 .L0 
C:\Users\hugo\AppData\Local\Temp\cc8SfFJp.s:74     .text.USBFS_WKUP_IRQHandler:0000000000000048 .L0 
C:\Users\hugo\AppData\Local\Temp\cc8SfFJp.s:76     .text.USBFS_WKUP_IRQHandler:0000000000000048 .L0 
C:\Users\hugo\AppData\Local\Temp\cc8SfFJp.s:78     .text.USBFS_WKUP_IRQHandler:000000000000004c .L0 
C:\Users\hugo\AppData\Local\Temp\cc8SfFJp.s:80     .text.USBFS_WKUP_IRQHandler:000000000000004e .L0 
C:\Users\hugo\AppData\Local\Temp\cc8SfFJp.s:82     .text.USBFS_WKUP_IRQHandler:000000000000004e .L0 
C:\Users\hugo\AppData\Local\Temp\cc8SfFJp.s:84     .text.USBFS_WKUP_IRQHandler:0000000000000056 .L0 
C:\Users\hugo\AppData\Local\Temp\cc8SfFJp.s:27     .text.USBFS_IRQHandler:0000000000000010 .L0 
C:\Users\hugo\AppData\Local\Temp\cc8SfFJp.s:87     .text.USBFS_WKUP_IRQHandler:0000000000000056 .L0 
                     .debug_frame:0000000000000000 .L0 
C:\Users\hugo\AppData\Local\Temp\cc8SfFJp.s:68     .text.USBFS_WKUP_IRQHandler:0000000000000044 .L3
C:\Users\hugo\AppData\Local\Temp\cc8SfFJp.s:4213   .debug_abbrev:0000000000000000 .Ldebug_abbrev0
C:\Users\hugo\AppData\Local\Temp\cc8SfFJp.s:5032   .debug_str:0000000000000263 .LASF404
C:\Users\hugo\AppData\Local\Temp\cc8SfFJp.s:5506   .debug_str:0000000000000d8a .LASF405
C:\Users\hugo\AppData\Local\Temp\cc8SfFJp.s:5456   .debug_str:0000000000000c2e .LASF406
C:\Users\hugo\AppData\Local\Temp\cc8SfFJp.s:4920   .debug_ranges:0000000000000000 .Ldebug_ranges0
C:\Users\hugo\AppData\Local\Temp\cc8SfFJp.s:4928   .debug_line:0000000000000000 .Ldebug_line0
C:\Users\hugo\AppData\Local\Temp\cc8SfFJp.s:5392   .debug_str:0000000000000a9f .LASF0
C:\Users\hugo\AppData\Local\Temp\cc8SfFJp.s:5122   .debug_str:00000000000004d9 .LASF1
C:\Users\hugo\AppData\Local\Temp\cc8SfFJp.s:5052   .debug_str:000000000000034f .LASF4
C:\Users\hugo\AppData\Local\Temp\cc8SfFJp.s:5138   .debug_str:0000000000000551 .LASF2
C:\Users\hugo\AppData\Local\Temp\cc8SfFJp.s:5604   .debug_str:0000000000000f83 .LASF3
C:\Users\hugo\AppData\Local\Temp\cc8SfFJp.s:5194   .debug_str:000000000000067b .LASF5
C:\Users\hugo\AppData\Local\Temp\cc8SfFJp.s:5704   .debug_str:0000000000001186 .LASF6
C:\Users\hugo\AppData\Local\Temp\cc8SfFJp.s:5074   .debug_str:00000000000003bf .LASF7
C:\Users\hugo\AppData\Local\Temp\cc8SfFJp.s:5328   .debug_str:0000000000000935 .LASF8
C:\Users\hugo\AppData\Local\Temp\cc8SfFJp.s:5270   .debug_str:00000000000007ef .LASF9
C:\Users\hugo\AppData\Local\Temp\cc8SfFJp.s:5336   .debug_str:000000000000095d .LASF10
C:\Users\hugo\AppData\Local\Temp\cc8SfFJp.s:5498   .debug_str:0000000000000d56 .LASF11
C:\Users\hugo\AppData\Local\Temp\cc8SfFJp.s:5124   .debug_str:00000000000004e5 .LASF12
C:\Users\hugo\AppData\Local\Temp\cc8SfFJp.s:5508   .debug_str:0000000000000dc6 .LASF13
GAS LISTING C:\Users\hugo\AppData\Local\Temp\cc8SfFJp.s 			page 6


C:\Users\hugo\AppData\Local\Temp\cc8SfFJp.s:5660   .debug_str:00000000000010c4 .LASF14
C:\Users\hugo\AppData\Local\Temp\cc8SfFJp.s:5284   .debug_str:0000000000000850 .LASF143
C:\Users\hugo\AppData\Local\Temp\cc8SfFJp.s:5676   .debug_str:0000000000001122 .LASF15
C:\Users\hugo\AppData\Local\Temp\cc8SfFJp.s:5678   .debug_str:0000000000001129 .LASF16
C:\Users\hugo\AppData\Local\Temp\cc8SfFJp.s:5680   .debug_str:0000000000001130 .LASF17
C:\Users\hugo\AppData\Local\Temp\cc8SfFJp.s:5682   .debug_str:0000000000001137 .LASF18
C:\Users\hugo\AppData\Local\Temp\cc8SfFJp.s:5684   .debug_str:000000000000113e .LASF19
C:\Users\hugo\AppData\Local\Temp\cc8SfFJp.s:5686   .debug_str:0000000000001145 .LASF20
C:\Users\hugo\AppData\Local\Temp\cc8SfFJp.s:5688   .debug_str:000000000000114c .LASF21
C:\Users\hugo\AppData\Local\Temp\cc8SfFJp.s:5690   .debug_str:0000000000001153 .LASF22
C:\Users\hugo\AppData\Local\Temp\cc8SfFJp.s:5692   .debug_str:000000000000115a .LASF23
C:\Users\hugo\AppData\Local\Temp\cc8SfFJp.s:5694   .debug_str:0000000000001161 .LASF24
C:\Users\hugo\AppData\Local\Temp\cc8SfFJp.s:5234   .debug_str:0000000000000742 .LASF25
C:\Users\hugo\AppData\Local\Temp\cc8SfFJp.s:5236   .debug_str:000000000000074a .LASF26
C:\Users\hugo\AppData\Local\Temp\cc8SfFJp.s:5238   .debug_str:0000000000000752 .LASF27
C:\Users\hugo\AppData\Local\Temp\cc8SfFJp.s:5240   .debug_str:000000000000075a .LASF28
C:\Users\hugo\AppData\Local\Temp\cc8SfFJp.s:5242   .debug_str:0000000000000762 .LASF29
C:\Users\hugo\AppData\Local\Temp\cc8SfFJp.s:5244   .debug_str:000000000000076a .LASF30
C:\Users\hugo\AppData\Local\Temp\cc8SfFJp.s:5246   .debug_str:0000000000000772 .LASF31
C:\Users\hugo\AppData\Local\Temp\cc8SfFJp.s:5248   .debug_str:000000000000077a .LASF32
C:\Users\hugo\AppData\Local\Temp\cc8SfFJp.s:5250   .debug_str:0000000000000782 .LASF33
C:\Users\hugo\AppData\Local\Temp\cc8SfFJp.s:5560   .debug_str:0000000000000ebd .LASF34
C:\Users\hugo\AppData\Local\Temp\cc8SfFJp.s:5562   .debug_str:0000000000000ec6 .LASF35
C:\Users\hugo\AppData\Local\Temp\cc8SfFJp.s:5394   .debug_str:0000000000000aac .LASF36
C:\Users\hugo\AppData\Local\Temp\cc8SfFJp.s:5646   .debug_str:000000000000105b .LASF37
C:\Users\hugo\AppData\Local\Temp\cc8SfFJp.s:5316   .debug_str:00000000000008fb .LASF38
C:\Users\hugo\AppData\Local\Temp\cc8SfFJp.s:4998   .debug_str:0000000000000196 .LASF39
C:\Users\hugo\AppData\Local\Temp\cc8SfFJp.s:5000   .debug_str:00000000000001a1 .LASF40
C:\Users\hugo\AppData\Local\Temp\cc8SfFJp.s:5002   .debug_str:00000000000001ac .LASF41
C:\Users\hugo\AppData\Local\Temp\cc8SfFJp.s:5004   .debug_str:00000000000001b7 .LASF42
C:\Users\hugo\AppData\Local\Temp\cc8SfFJp.s:5006   .debug_str:00000000000001c2 .LASF43
C:\Users\hugo\AppData\Local\Temp\cc8SfFJp.s:5008   .debug_str:00000000000001cd .LASF44
C:\Users\hugo\AppData\Local\Temp\cc8SfFJp.s:5438   .debug_str:0000000000000ba0 .LASF45
C:\Users\hugo\AppData\Local\Temp\cc8SfFJp.s:5114   .debug_str:00000000000004b3 .LASF46
C:\Users\hugo\AppData\Local\Temp\cc8SfFJp.s:5116   .debug_str:00000000000004bc .LASF47
C:\Users\hugo\AppData\Local\Temp\cc8SfFJp.s:5018   .debug_str:0000000000000226 .LASF48
C:\Users\hugo\AppData\Local\Temp\cc8SfFJp.s:5020   .debug_str:0000000000000231 .LASF49
C:\Users\hugo\AppData\Local\Temp\cc8SfFJp.s:4978   .debug_str:000000000000012b .LASF50
C:\Users\hugo\AppData\Local\Temp\cc8SfFJp.s:4980   .debug_str:0000000000000135 .LASF51
C:\Users\hugo\AppData\Local\Temp\cc8SfFJp.s:5664   .debug_str:00000000000010df .LASF52
C:\Users\hugo\AppData\Local\Temp\cc8SfFJp.s:5666   .debug_str:00000000000010e8 .LASF53
C:\Users\hugo\AppData\Local\Temp\cc8SfFJp.s:5172   .debug_str:00000000000005fb .LASF54
C:\Users\hugo\AppData\Local\Temp\cc8SfFJp.s:5174   .debug_str:0000000000000604 .LASF55
C:\Users\hugo\AppData\Local\Temp\cc8SfFJp.s:5620   .debug_str:0000000000000fd2 .LASF56
C:\Users\hugo\AppData\Local\Temp\cc8SfFJp.s:4962   .debug_str:00000000000000d7 .LASF57
C:\Users\hugo\AppData\Local\Temp\cc8SfFJp.s:5126   .debug_str:00000000000004ed .LASF58
C:\Users\hugo\AppData\Local\Temp\cc8SfFJp.s:5466   .debug_str:0000000000000cb0 .LASF59
C:\Users\hugo\AppData\Local\Temp\cc8SfFJp.s:5292   .debug_str:0000000000000881 .LASF60
C:\Users\hugo\AppData\Local\Temp\cc8SfFJp.s:5340   .debug_str:0000000000000974 .LASF61
C:\Users\hugo\AppData\Local\Temp\cc8SfFJp.s:5342   .debug_str:000000000000097e .LASF62
C:\Users\hugo\AppData\Local\Temp\cc8SfFJp.s:5344   .debug_str:0000000000000988 .LASF63
C:\Users\hugo\AppData\Local\Temp\cc8SfFJp.s:5346   .debug_str:0000000000000992 .LASF64
C:\Users\hugo\AppData\Local\Temp\cc8SfFJp.s:5348   .debug_str:000000000000099c .LASF65
C:\Users\hugo\AppData\Local\Temp\cc8SfFJp.s:5332   .debug_str:000000000000094b .LASF66
C:\Users\hugo\AppData\Local\Temp\cc8SfFJp.s:5334   .debug_str:0000000000000954 .LASF67
C:\Users\hugo\AppData\Local\Temp\cc8SfFJp.s:4996   .debug_str:000000000000018b .LASF68
C:\Users\hugo\AppData\Local\Temp\cc8SfFJp.s:5112   .debug_str:00000000000004aa .LASF69
GAS LISTING C:\Users\hugo\AppData\Local\Temp\cc8SfFJp.s 			page 7


C:\Users\hugo\AppData\Local\Temp\cc8SfFJp.s:5016   .debug_str:000000000000021b .LASF70
C:\Users\hugo\AppData\Local\Temp\cc8SfFJp.s:5460   .debug_str:0000000000000c8d .LASF71
C:\Users\hugo\AppData\Local\Temp\cc8SfFJp.s:5146   .debug_str:0000000000000580 .LASF72
C:\Users\hugo\AppData\Local\Temp\cc8SfFJp.s:5338   .debug_str:000000000000096b .LASF73
C:\Users\hugo\AppData\Local\Temp\cc8SfFJp.s:5210   .debug_str:00000000000006d4 .LASF74
C:\Users\hugo\AppData\Local\Temp\cc8SfFJp.s:5588   .debug_str:0000000000000f33 .LASF75
C:\Users\hugo\AppData\Local\Temp\cc8SfFJp.s:5220   .debug_str:0000000000000701 .LASF76
C:\Users\hugo\AppData\Local\Temp\cc8SfFJp.s:5716   .debug_str:00000000000011d6 .LASF77
C:\Users\hugo\AppData\Local\Temp\cc8SfFJp.s:5606   .debug_str:0000000000000f8d .LASF78
C:\Users\hugo\AppData\Local\Temp\cc8SfFJp.s:5726   .debug_str:0000000000001218 .LASF79
C:\Users\hugo\AppData\Local\Temp\cc8SfFJp.s:5724   .debug_str:0000000000001210 .LASF80
C:\Users\hugo\AppData\Local\Temp\cc8SfFJp.s:5578   .debug_str:0000000000000f07 .LASF81
C:\Users\hugo\AppData\Local\Temp\cc8SfFJp.s:5722   .debug_str:00000000000011fc .LASF82
C:\Users\hugo\AppData\Local\Temp\cc8SfFJp.s:4964   .debug_str:00000000000000df .LASF83
C:\Users\hugo\AppData\Local\Temp\cc8SfFJp.s:5214   .debug_str:00000000000006e4 .LASF84
C:\Users\hugo\AppData\Local\Temp\cc8SfFJp.s:5158   .debug_str:00000000000005b1 .LASF85
C:\Users\hugo\AppData\Local\Temp\cc8SfFJp.s:5054   .debug_str:0000000000000359 .LASF86
C:\Users\hugo\AppData\Local\Temp\cc8SfFJp.s:5720   .debug_str:00000000000011f4 .LASF87
C:\Users\hugo\AppData\Local\Temp\cc8SfFJp.s:5042   .debug_str:0000000000000312 .LASF88
C:\Users\hugo\AppData\Local\Temp\cc8SfFJp.s:5712   .debug_str:00000000000011be .LASF89
C:\Users\hugo\AppData\Local\Temp\cc8SfFJp.s:5524   .debug_str:0000000000000e08 .LASF90
C:\Users\hugo\AppData\Local\Temp\cc8SfFJp.s:5118   .debug_str:00000000000004c5 .LASF91
C:\Users\hugo\AppData\Local\Temp\cc8SfFJp.s:5470   .debug_str:0000000000000cc1 .LASF92
C:\Users\hugo\AppData\Local\Temp\cc8SfFJp.s:5668   .debug_str:00000000000010f1 .LASF93
C:\Users\hugo\AppData\Local\Temp\cc8SfFJp.s:5570   .debug_str:0000000000000ee1 .LASF94
C:\Users\hugo\AppData\Local\Temp\cc8SfFJp.s:5710   .debug_str:00000000000011b4 .LASF95
C:\Users\hugo\AppData\Local\Temp\cc8SfFJp.s:5734   .debug_str:000000000000124b .LASF96
C:\Users\hugo\AppData\Local\Temp\cc8SfFJp.s:5264   .debug_str:00000000000007d7 .LASF97
C:\Users\hugo\AppData\Local\Temp\cc8SfFJp.s:5208   .debug_str:00000000000006cb .LASF98
C:\Users\hugo\AppData\Local\Temp\cc8SfFJp.s:5700   .debug_str:0000000000001174 .LASF99
C:\Users\hugo\AppData\Local\Temp\cc8SfFJp.s:5582   .debug_str:0000000000000f18 .LASF100
C:\Users\hugo\AppData\Local\Temp\cc8SfFJp.s:5522   .debug_str:0000000000000e01 .LASF101
C:\Users\hugo\AppData\Local\Temp\cc8SfFJp.s:5096   .debug_str:0000000000000444 .LASF102
C:\Users\hugo\AppData\Local\Temp\cc8SfFJp.s:5408   .debug_str:0000000000000b0a .LASF103
C:\Users\hugo\AppData\Local\Temp\cc8SfFJp.s:5148   .debug_str:0000000000000587 .LASF104
C:\Users\hugo\AppData\Local\Temp\cc8SfFJp.s:5152   .debug_str:0000000000000595 .LASF105
C:\Users\hugo\AppData\Local\Temp\cc8SfFJp.s:5512   .debug_str:0000000000000ddb .LASF106
C:\Users\hugo\AppData\Local\Temp\cc8SfFJp.s:5010   .debug_str:00000000000001d8 .LASF107
C:\Users\hugo\AppData\Local\Temp\cc8SfFJp.s:5170   .debug_str:00000000000005f0 .LASF108
C:\Users\hugo\AppData\Local\Temp\cc8SfFJp.s:5312   .debug_str:00000000000008e9 .LASF109
C:\Users\hugo\AppData\Local\Temp\cc8SfFJp.s:5192   .debug_str:0000000000000671 .LASF110
C:\Users\hugo\AppData\Local\Temp\cc8SfFJp.s:5736   .debug_str:0000000000001252 .LASF111
C:\Users\hugo\AppData\Local\Temp\cc8SfFJp.s:4984   .debug_str:0000000000000159 .LASF112
C:\Users\hugo\AppData\Local\Temp\cc8SfFJp.s:5202   .debug_str:00000000000006ae .LASF113
C:\Users\hugo\AppData\Local\Temp\cc8SfFJp.s:5204   .debug_str:00000000000006b9 .LASF114
C:\Users\hugo\AppData\Local\Temp\cc8SfFJp.s:5622   .debug_str:0000000000000fdb .LASF115
C:\Users\hugo\AppData\Local\Temp\cc8SfFJp.s:5156   .debug_str:00000000000005a9 .LASF116
C:\Users\hugo\AppData\Local\Temp\cc8SfFJp.s:5068   .debug_str:000000000000039f .LASF117
C:\Users\hugo\AppData\Local\Temp\cc8SfFJp.s:4952   .debug_str:0000000000000090 .LASF118
C:\Users\hugo\AppData\Local\Temp\cc8SfFJp.s:5520   .debug_str:0000000000000df9 .LASF119
C:\Users\hugo\AppData\Local\Temp\cc8SfFJp.s:5070   .debug_str:00000000000003a7 .LASF120
C:\Users\hugo\AppData\Local\Temp\cc8SfFJp.s:5474   .debug_str:0000000000000cd3 .LASF121
C:\Users\hugo\AppData\Local\Temp\cc8SfFJp.s:5252   .debug_str:000000000000078a .LASF122
C:\Users\hugo\AppData\Local\Temp\cc8SfFJp.s:5742   .debug_str:0000000000001270 .LASF123
C:\Users\hugo\AppData\Local\Temp\cc8SfFJp.s:5616   .debug_str:0000000000000fc1 .LASF124
C:\Users\hugo\AppData\Local\Temp\cc8SfFJp.s:5624   .debug_str:0000000000000fe3 .LASF125
C:\Users\hugo\AppData\Local\Temp\cc8SfFJp.s:5166   .debug_str:00000000000005de .LASF126
GAS LISTING C:\Users\hugo\AppData\Local\Temp\cc8SfFJp.s 			page 8


C:\Users\hugo\AppData\Local\Temp\cc8SfFJp.s:4976   .debug_str:0000000000000122 .LASF127
C:\Users\hugo\AppData\Local\Temp\cc8SfFJp.s:5100   .debug_str:0000000000000458 .LASF128
C:\Users\hugo\AppData\Local\Temp\cc8SfFJp.s:5142   .debug_str:000000000000056d .LASF129
C:\Users\hugo\AppData\Local\Temp\cc8SfFJp.s:5448   .debug_str:0000000000000bf9 .LASF130
C:\Users\hugo\AppData\Local\Temp\cc8SfFJp.s:5306   .debug_str:00000000000008cd .LASF131
C:\Users\hugo\AppData\Local\Temp\cc8SfFJp.s:5108   .debug_str:000000000000048f .LASF132
C:\Users\hugo\AppData\Local\Temp\cc8SfFJp.s:5212   .debug_str:00000000000006db .LASF133
C:\Users\hugo\AppData\Local\Temp\cc8SfFJp.s:5370   .debug_str:0000000000000a25 .LASF134
C:\Users\hugo\AppData\Local\Temp\cc8SfFJp.s:5608   .debug_str:0000000000000f94 .LASF135
C:\Users\hugo\AppData\Local\Temp\cc8SfFJp.s:5086   .debug_str:00000000000003f4 .LASF136
C:\Users\hugo\AppData\Local\Temp\cc8SfFJp.s:5216   .debug_str:00000000000006ef .LASF145
C:\Users\hugo\AppData\Local\Temp\cc8SfFJp.s:5078   .debug_str:00000000000003d4 .LASF137
C:\Users\hugo\AppData\Local\Temp\cc8SfFJp.s:5590   .debug_str:0000000000000f3a .LASF138
C:\Users\hugo\AppData\Local\Temp\cc8SfFJp.s:5584   .debug_str:0000000000000f21 .LASF139
C:\Users\hugo\AppData\Local\Temp\cc8SfFJp.s:5296   .debug_str:000000000000089a .LASF140
C:\Users\hugo\AppData\Local\Temp\cc8SfFJp.s:5044   .debug_str:000000000000031c .LASF141
C:\Users\hugo\AppData\Local\Temp\cc8SfFJp.s:5478   .debug_str:0000000000000ce4 .LASF142
C:\Users\hugo\AppData\Local\Temp\cc8SfFJp.s:5580   .debug_str:0000000000000f0e .LASF144
C:\Users\hugo\AppData\Local\Temp\cc8SfFJp.s:5224   .debug_str:000000000000070e .LASF146
C:\Users\hugo\AppData\Local\Temp\cc8SfFJp.s:5140   .debug_str:000000000000055f .LASF147
C:\Users\hugo\AppData\Local\Temp\cc8SfFJp.s:5430   .debug_str:0000000000000b7e .LASF148
C:\Users\hugo\AppData\Local\Temp\cc8SfFJp.s:5150   .debug_str:000000000000058e .LASF149
C:\Users\hugo\AppData\Local\Temp\cc8SfFJp.s:5502   .debug_str:0000000000000d7b .LASF150
C:\Users\hugo\AppData\Local\Temp\cc8SfFJp.s:5226   .debug_str:0000000000000717 .LASF151
C:\Users\hugo\AppData\Local\Temp\cc8SfFJp.s:5318   .debug_str:0000000000000905 .LASF152
C:\Users\hugo\AppData\Local\Temp\cc8SfFJp.s:5440   .debug_str:0000000000000baa .LASF153
C:\Users\hugo\AppData\Local\Temp\cc8SfFJp.s:5496   .debug_str:0000000000000d4e .LASF154
C:\Users\hugo\AppData\Local\Temp\cc8SfFJp.s:5260   .debug_str:00000000000007b8 .LASF155
C:\Users\hugo\AppData\Local\Temp\cc8SfFJp.s:5200   .debug_str:000000000000069e .LASF156
C:\Users\hugo\AppData\Local\Temp\cc8SfFJp.s:5526   .debug_str:0000000000000e0d .LASF157
C:\Users\hugo\AppData\Local\Temp\cc8SfFJp.s:5168   .debug_str:00000000000005e9 .LASF158
C:\Users\hugo\AppData\Local\Temp\cc8SfFJp.s:5040   .debug_str:000000000000030b .LASF159
C:\Users\hugo\AppData\Local\Temp\cc8SfFJp.s:5586   .debug_str:0000000000000f26 .LASF160
C:\Users\hugo\AppData\Local\Temp\cc8SfFJp.s:4970   .debug_str:00000000000000fd .LASF161
C:\Users\hugo\AppData\Local\Temp\cc8SfFJp.s:5066   .debug_str:000000000000038f .LASF162
C:\Users\hugo\AppData\Local\Temp\cc8SfFJp.s:5274   .debug_str:0000000000000817 .LASF163
C:\Users\hugo\AppData\Local\Temp\cc8SfFJp.s:5536   .debug_str:0000000000000e4b .LASF164
C:\Users\hugo\AppData\Local\Temp\cc8SfFJp.s:5528   .debug_str:0000000000000e1b .LASF165
C:\Users\hugo\AppData\Local\Temp\cc8SfFJp.s:5136   .debug_str:0000000000000547 .LASF166
C:\Users\hugo\AppData\Local\Temp\cc8SfFJp.s:5378   .debug_str:0000000000000a49 .LASF167
C:\Users\hugo\AppData\Local\Temp\cc8SfFJp.s:4930   .debug_str:0000000000000000 .LASF168
C:\Users\hugo\AppData\Local\Temp\cc8SfFJp.s:5276   .debug_str:0000000000000827 .LASF169
C:\Users\hugo\AppData\Local\Temp\cc8SfFJp.s:5272   .debug_str:0000000000000801 .LASF170
C:\Users\hugo\AppData\Local\Temp\cc8SfFJp.s:5360   .debug_str:00000000000009e4 .LASF171
C:\Users\hugo\AppData\Local\Temp\cc8SfFJp.s:5184   .debug_str:000000000000064b .LASF172
C:\Users\hugo\AppData\Local\Temp\cc8SfFJp.s:5464   .debug_str:0000000000000ca3 .LASF173
C:\Users\hugo\AppData\Local\Temp\cc8SfFJp.s:5398   .debug_str:0000000000000abf .LASF174
C:\Users\hugo\AppData\Local\Temp\cc8SfFJp.s:5404   .debug_str:0000000000000ae7 .LASF175
C:\Users\hugo\AppData\Local\Temp\cc8SfFJp.s:5426   .debug_str:0000000000000b64 .LASF176
C:\Users\hugo\AppData\Local\Temp\cc8SfFJp.s:5324   .debug_str:0000000000000920 .LASF177
C:\Users\hugo\AppData\Local\Temp\cc8SfFJp.s:5672   .debug_str:0000000000001103 .LASF178
C:\Users\hugo\AppData\Local\Temp\cc8SfFJp.s:5302   .debug_str:00000000000008b1 .LASF179
C:\Users\hugo\AppData\Local\Temp\cc8SfFJp.s:5134   .debug_str:0000000000000539 .LASF180
C:\Users\hugo\AppData\Local\Temp\cc8SfFJp.s:5598   .debug_str:0000000000000f5c .LASF181
C:\Users\hugo\AppData\Local\Temp\cc8SfFJp.s:4934   .debug_str:0000000000000015 .LASF182
C:\Users\hugo\AppData\Local\Temp\cc8SfFJp.s:5290   .debug_str:0000000000000873 .LASF183
C:\Users\hugo\AppData\Local\Temp\cc8SfFJp.s:5402   .debug_str:0000000000000ad7 .LASF184
GAS LISTING C:\Users\hugo\AppData\Local\Temp\cc8SfFJp.s 			page 9


C:\Users\hugo\AppData\Local\Temp\cc8SfFJp.s:5574   .debug_str:0000000000000eef .LASF185
C:\Users\hugo\AppData\Local\Temp\cc8SfFJp.s:5110   .debug_str:0000000000000497 .LASF186
C:\Users\hugo\AppData\Local\Temp\cc8SfFJp.s:5552   .debug_str:0000000000000e98 .LASF187
C:\Users\hugo\AppData\Local\Temp\cc8SfFJp.s:4938   .debug_str:0000000000000035 .LASF188
C:\Users\hugo\AppData\Local\Temp\cc8SfFJp.s:5638   .debug_str:0000000000001032 .LASF189
C:\Users\hugo\AppData\Local\Temp\cc8SfFJp.s:4944   .debug_str:0000000000000064 .LASF190
C:\Users\hugo\AppData\Local\Temp\cc8SfFJp.s:5366   .debug_str:0000000000000a07 .LASF191
C:\Users\hugo\AppData\Local\Temp\cc8SfFJp.s:5084   .debug_str:00000000000003ea .LASF192
C:\Users\hugo\AppData\Local\Temp\cc8SfFJp.s:5266   .debug_str:00000000000007de .LASF193
C:\Users\hugo\AppData\Local\Temp\cc8SfFJp.s:5702   .debug_str:000000000000117c .LASF194
C:\Users\hugo\AppData\Local\Temp\cc8SfFJp.s:5308   .debug_str:00000000000008d6 .LASF195
C:\Users\hugo\AppData\Local\Temp\cc8SfFJp.s:5602   .debug_str:0000000000000f7a .LASF196
C:\Users\hugo\AppData\Local\Temp\cc8SfFJp.s:5094   .debug_str:000000000000043d .LASF197
C:\Users\hugo\AppData\Local\Temp\cc8SfFJp.s:4936   .debug_str:0000000000000027 .LASF198
C:\Users\hugo\AppData\Local\Temp\cc8SfFJp.s:5410   .debug_str:0000000000000b13 .LASF199
C:\Users\hugo\AppData\Local\Temp\cc8SfFJp.s:5610   .debug_str:0000000000000fa0 .LASF200
C:\Users\hugo\AppData\Local\Temp\cc8SfFJp.s:5626   .debug_str:0000000000000feb .LASF201
C:\Users\hugo\AppData\Local\Temp\cc8SfFJp.s:5450   .debug_str:0000000000000c04 .LASF202
C:\Users\hugo\AppData\Local\Temp\cc8SfFJp.s:5488   .debug_str:0000000000000d13 .LASF203
C:\Users\hugo\AppData\Local\Temp\cc8SfFJp.s:5546   .debug_str:0000000000000e75 .LASF204
C:\Users\hugo\AppData\Local\Temp\cc8SfFJp.s:4990   .debug_str:0000000000000170 .LASF205
C:\Users\hugo\AppData\Local\Temp\cc8SfFJp.s:5594   .debug_str:0000000000000f49 .LASF206
C:\Users\hugo\AppData\Local\Temp\cc8SfFJp.s:5064   .debug_str:0000000000000387 .LASF207
C:\Users\hugo\AppData\Local\Temp\cc8SfFJp.s:5468   .debug_str:0000000000000cb8 .LASF208
C:\Users\hugo\AppData\Local\Temp\cc8SfFJp.s:4950   .debug_str:0000000000000088 .LASF209
C:\Users\hugo\AppData\Local\Temp\cc8SfFJp.s:5352   .debug_str:00000000000009ad .LASF210
C:\Users\hugo\AppData\Local\Temp\cc8SfFJp.s:5596   .debug_str:0000000000000f52 .LASF211
C:\Users\hugo\AppData\Local\Temp\cc8SfFJp.s:5662   .debug_str:00000000000010cd .LASF212
C:\Users\hugo\AppData\Local\Temp\cc8SfFJp.s:5050   .debug_str:000000000000033e .LASF213
C:\Users\hugo\AppData\Local\Temp\cc8SfFJp.s:5144   .debug_str:0000000000000579 .LASF214
C:\Users\hugo\AppData\Local\Temp\cc8SfFJp.s:5364   .debug_str:00000000000009fa .LASF215
C:\Users\hugo\AppData\Local\Temp\cc8SfFJp.s:5436   .debug_str:0000000000000b96 .LASF216
C:\Users\hugo\AppData\Local\Temp\cc8SfFJp.s:5326   .debug_str:000000000000092d .LASF217
C:\Users\hugo\AppData\Local\Temp\cc8SfFJp.s:4932   .debug_str:0000000000000009 .LASF218
C:\Users\hugo\AppData\Local\Temp\cc8SfFJp.s:5592   .debug_str:0000000000000f41 .LASF219
C:\Users\hugo\AppData\Local\Temp\cc8SfFJp.s:4956   .debug_str:00000000000000a1 .LASF220
C:\Users\hugo\AppData\Local\Temp\cc8SfFJp.s:5492   .debug_str:0000000000000d2b .LASF221
C:\Users\hugo\AppData\Local\Temp\cc8SfFJp.s:5178   .debug_str:0000000000000629 .LASF222
C:\Users\hugo\AppData\Local\Temp\cc8SfFJp.s:5286   .debug_str:0000000000000860 .LASF223
C:\Users\hugo\AppData\Local\Temp\cc8SfFJp.s:5030   .debug_str:000000000000025a .LASF224
C:\Users\hugo\AppData\Local\Temp\cc8SfFJp.s:5400   .debug_str:0000000000000ace .LASF225
C:\Users\hugo\AppData\Local\Temp\cc8SfFJp.s:5288   .debug_str:0000000000000868 .LASF226
C:\Users\hugo\AppData\Local\Temp\cc8SfFJp.s:5164   .debug_str:00000000000005d3 .LASF227
C:\Users\hugo\AppData\Local\Temp\cc8SfFJp.s:5022   .debug_str:000000000000023c .LASF228
C:\Users\hugo\AppData\Local\Temp\cc8SfFJp.s:5228   .debug_str:000000000000071f .LASF229
C:\Users\hugo\AppData\Local\Temp\cc8SfFJp.s:5744   .debug_str:000000000000127b .LASF230
C:\Users\hugo\AppData\Local\Temp\cc8SfFJp.s:5708   .debug_str:00000000000011a3 .LASF231
C:\Users\hugo\AppData\Local\Temp\cc8SfFJp.s:5564   .debug_str:0000000000000ecf .LASF232
C:\Users\hugo\AppData\Local\Temp\cc8SfFJp.s:5556   .debug_str:0000000000000ea8 .LASF233
C:\Users\hugo\AppData\Local\Temp\cc8SfFJp.s:5504   .debug_str:0000000000000d82 .LASF234
C:\Users\hugo\AppData\Local\Temp\cc8SfFJp.s:5106   .debug_str:0000000000000485 .LASF235
C:\Users\hugo\AppData\Local\Temp\cc8SfFJp.s:5576   .debug_str:0000000000000f02 .LASF236
C:\Users\hugo\AppData\Local\Temp\cc8SfFJp.s:5206   .debug_str:00000000000006c4 .LASF237
C:\Users\hugo\AppData\Local\Temp\cc8SfFJp.s:5056   .debug_str:0000000000000364 .LASF238
C:\Users\hugo\AppData\Local\Temp\cc8SfFJp.s:5046   .debug_str:0000000000000326 .LASF239
C:\Users\hugo\AppData\Local\Temp\cc8SfFJp.s:5162   .debug_str:00000000000005ca .LASF240
C:\Users\hugo\AppData\Local\Temp\cc8SfFJp.s:5182   .debug_str:0000000000000638 .LASF241
GAS LISTING C:\Users\hugo\AppData\Local\Temp\cc8SfFJp.s 			page 10


C:\Users\hugo\AppData\Local\Temp\cc8SfFJp.s:5412   .debug_str:0000000000000b1b .LASF242
C:\Users\hugo\AppData\Local\Temp\cc8SfFJp.s:5548   .debug_str:0000000000000e7e .LASF243
C:\Users\hugo\AppData\Local\Temp\cc8SfFJp.s:5232   .debug_str:0000000000000734 .LASF244
C:\Users\hugo\AppData\Local\Temp\cc8SfFJp.s:5024   .debug_str:0000000000000245 .LASF245
C:\Users\hugo\AppData\Local\Temp\cc8SfFJp.s:5388   .debug_str:0000000000000a85 .LASF246
C:\Users\hugo\AppData\Local\Temp\cc8SfFJp.s:5396   .debug_str:0000000000000ab4 .LASF247
C:\Users\hugo\AppData\Local\Temp\cc8SfFJp.s:5500   .debug_str:0000000000000d6d .LASF248
C:\Users\hugo\AppData\Local\Temp\cc8SfFJp.s:5532   .debug_str:0000000000000e32 .LASF249
C:\Users\hugo\AppData\Local\Temp\cc8SfFJp.s:5542   .debug_str:0000000000000e63 .LASF250
C:\Users\hugo\AppData\Local\Temp\cc8SfFJp.s:5554   .debug_str:0000000000000ea3 .LASF251
C:\Users\hugo\AppData\Local\Temp\cc8SfFJp.s:5384   .debug_str:0000000000000a63 .LASF252
C:\Users\hugo\AppData\Local\Temp\cc8SfFJp.s:5414   .debug_str:0000000000000b2f .LASF253
C:\Users\hugo\AppData\Local\Temp\cc8SfFJp.s:5614   .debug_str:0000000000000fb4 .LASF254
C:\Users\hugo\AppData\Local\Temp\cc8SfFJp.s:5048   .debug_str:000000000000032e .LASF255
C:\Users\hugo\AppData\Local\Temp\cc8SfFJp.s:5566   .debug_str:0000000000000ed4 .LASF256
C:\Users\hugo\AppData\Local\Temp\cc8SfFJp.s:5696   .debug_str:0000000000001168 .LASF257
C:\Users\hugo\AppData\Local\Temp\cc8SfFJp.s:5482   .debug_str:0000000000000cfa .LASF258
C:\Users\hugo\AppData\Local\Temp\cc8SfFJp.s:4942   .debug_str:000000000000005b .LASF259
C:\Users\hugo\AppData\Local\Temp\cc8SfFJp.s:5062   .debug_str:0000000000000381 .LASF260
C:\Users\hugo\AppData\Local\Temp\cc8SfFJp.s:5484   .debug_str:0000000000000d02 .LASF261
C:\Users\hugo\AppData\Local\Temp\cc8SfFJp.s:5442   .debug_str:0000000000000bbb .LASF262
C:\Users\hugo\AppData\Local\Temp\cc8SfFJp.s:4948   .debug_str:0000000000000080 .LASF263
C:\Users\hugo\AppData\Local\Temp\cc8SfFJp.s:5550   .debug_str:0000000000000e8d .LASF264
C:\Users\hugo\AppData\Local\Temp\cc8SfFJp.s:5658   .debug_str:00000000000010bc .LASF265
C:\Users\hugo\AppData\Local\Temp\cc8SfFJp.s:5294   .debug_str:0000000000000888 .LASF266
C:\Users\hugo\AppData\Local\Temp\cc8SfFJp.s:5540   .debug_str:0000000000000e5a .LASF267
C:\Users\hugo\AppData\Local\Temp\cc8SfFJp.s:5310   .debug_str:00000000000008e1 .LASF268
C:\Users\hugo\AppData\Local\Temp\cc8SfFJp.s:5568   .debug_str:0000000000000edb .LASF269
C:\Users\hugo\AppData\Local\Temp\cc8SfFJp.s:5314   .debug_str:00000000000008f3 .LASF270
C:\Users\hugo\AppData\Local\Temp\cc8SfFJp.s:5382   .debug_str:0000000000000a5d .LASF271
C:\Users\hugo\AppData\Local\Temp\cc8SfFJp.s:5222   .debug_str:0000000000000709 .LASF272
C:\Users\hugo\AppData\Local\Temp\cc8SfFJp.s:4988   .debug_str:000000000000016b .LASF273
C:\Users\hugo\AppData\Local\Temp\cc8SfFJp.s:4994   .debug_str:0000000000000182 .LASF274
C:\Users\hugo\AppData\Local\Temp\cc8SfFJp.s:5738   .debug_str:000000000000125a .LASF275
C:\Users\hugo\AppData\Local\Temp\cc8SfFJp.s:5706   .debug_str:0000000000001199 .LASF276
C:\Users\hugo\AppData\Local\Temp\cc8SfFJp.s:5256   .debug_str:000000000000079d .LASF277
C:\Users\hugo\AppData\Local\Temp\cc8SfFJp.s:5102   .debug_str:0000000000000460 .LASF278
C:\Users\hugo\AppData\Local\Temp\cc8SfFJp.s:5618   .debug_str:0000000000000fc8 .LASF279
C:\Users\hugo\AppData\Local\Temp\cc8SfFJp.s:5454   .debug_str:0000000000000c24 .LASF280
C:\Users\hugo\AppData\Local\Temp\cc8SfFJp.s:5462   .debug_str:0000000000000c99 .LASF281
C:\Users\hugo\AppData\Local\Temp\cc8SfFJp.s:5728   .debug_str:0000000000001220 .LASF282
C:\Users\hugo\AppData\Local\Temp\cc8SfFJp.s:5060   .debug_str:0000000000000373 .LASF283
C:\Users\hugo\AppData\Local\Temp\cc8SfFJp.s:5026   .debug_str:000000000000024c .LASF284
C:\Users\hugo\AppData\Local\Temp\cc8SfFJp.s:5510   .debug_str:0000000000000dcf .LASF285
C:\Users\hugo\AppData\Local\Temp\cc8SfFJp.s:5612   .debug_str:0000000000000fab .LASF286
C:\Users\hugo\AppData\Local\Temp\cc8SfFJp.s:5642   .debug_str:0000000000001046 .LASF287
C:\Users\hugo\AppData\Local\Temp\cc8SfFJp.s:5434   .debug_str:0000000000000b8e .LASF288
C:\Users\hugo\AppData\Local\Temp\cc8SfFJp.s:5636   .debug_str:000000000000102d .LASF289
C:\Users\hugo\AppData\Local\Temp\cc8SfFJp.s:5186   .debug_str:000000000000065c .LASF290
C:\Users\hugo\AppData\Local\Temp\cc8SfFJp.s:5640   .debug_str:000000000000103f .LASF291
C:\Users\hugo\AppData\Local\Temp\cc8SfFJp.s:5538   .debug_str:0000000000000e54 .LASF292
C:\Users\hugo\AppData\Local\Temp\cc8SfFJp.s:5082   .debug_str:00000000000003e4 .LASF293
C:\Users\hugo\AppData\Local\Temp\cc8SfFJp.s:5278   .debug_str:0000000000000835 .LASF294
C:\Users\hugo\AppData\Local\Temp\cc8SfFJp.s:5432   .debug_str:0000000000000b87 .LASF295
C:\Users\hugo\AppData\Local\Temp\cc8SfFJp.s:5058   .debug_str:000000000000036d .LASF296
C:\Users\hugo\AppData\Local\Temp\cc8SfFJp.s:5632   .debug_str:000000000000101f .LASF297
C:\Users\hugo\AppData\Local\Temp\cc8SfFJp.s:5218   .debug_str:00000000000006f9 .LASF298
GAS LISTING C:\Users\hugo\AppData\Local\Temp\cc8SfFJp.s 			page 11


C:\Users\hugo\AppData\Local\Temp\cc8SfFJp.s:4958   .debug_str:00000000000000a9 .LASF299
C:\Users\hugo\AppData\Local\Temp\cc8SfFJp.s:4966   .debug_str:00000000000000ea .LASF300
C:\Users\hugo\AppData\Local\Temp\cc8SfFJp.s:5476   .debug_str:0000000000000cde .LASF301
C:\Users\hugo\AppData\Local\Temp\cc8SfFJp.s:5188   .debug_str:0000000000000661 .LASF302
C:\Users\hugo\AppData\Local\Temp\cc8SfFJp.s:5418   .debug_str:0000000000000b3f .LASF303
C:\Users\hugo\AppData\Local\Temp\cc8SfFJp.s:4992   .debug_str:000000000000017c .LASF304
C:\Users\hugo\AppData\Local\Temp\cc8SfFJp.s:5518   .debug_str:0000000000000df0 .LASF305
C:\Users\hugo\AppData\Local\Temp\cc8SfFJp.s:5480   .debug_str:0000000000000cf2 .LASF306
C:\Users\hugo\AppData\Local\Temp\cc8SfFJp.s:5572   .debug_str:0000000000000ee9 .LASF307
C:\Users\hugo\AppData\Local\Temp\cc8SfFJp.s:5028   .debug_str:0000000000000254 .LASF308
C:\Users\hugo\AppData\Local\Temp\cc8SfFJp.s:5424   .debug_str:0000000000000b5b .LASF309
C:\Users\hugo\AppData\Local\Temp\cc8SfFJp.s:5282   .debug_str:0000000000000848 .LASF310
C:\Users\hugo\AppData\Local\Temp\cc8SfFJp.s:5036   .debug_str:00000000000002f1 .LASF311
C:\Users\hugo\AppData\Local\Temp\cc8SfFJp.s:5300   .debug_str:00000000000008aa .LASF312
C:\Users\hugo\AppData\Local\Temp\cc8SfFJp.s:5198   .debug_str:0000000000000697 .LASF313
C:\Users\hugo\AppData\Local\Temp\cc8SfFJp.s:5516   .debug_str:0000000000000de8 .LASF314
C:\Users\hugo\AppData\Local\Temp\cc8SfFJp.s:5420   .debug_str:0000000000000b45 .LASF315
C:\Users\hugo\AppData\Local\Temp\cc8SfFJp.s:5634   .debug_str:0000000000001028 .LASF316
C:\Users\hugo\AppData\Local\Temp\cc8SfFJp.s:5330   .debug_str:0000000000000940 .LASF317
C:\Users\hugo\AppData\Local\Temp\cc8SfFJp.s:5730   .debug_str:000000000000122b .LASF318
C:\Users\hugo\AppData\Local\Temp\cc8SfFJp.s:5656   .debug_str:00000000000010b4 .LASF319
C:\Users\hugo\AppData\Local\Temp\cc8SfFJp.s:5280   .debug_str:000000000000083d .LASF320
C:\Users\hugo\AppData\Local\Temp\cc8SfFJp.s:5320   .debug_str:000000000000090d .LASF321
C:\Users\hugo\AppData\Local\Temp\cc8SfFJp.s:5670   .debug_str:00000000000010fb .LASF322
C:\Users\hugo\AppData\Local\Temp\cc8SfFJp.s:5080   .debug_str:00000000000003da .LASF323
C:\Users\hugo\AppData\Local\Temp\cc8SfFJp.s:5268   .debug_str:00000000000007ea .LASF324
C:\Users\hugo\AppData\Local\Temp\cc8SfFJp.s:5374   .debug_str:0000000000000a39 .LASF325
C:\Users\hugo\AppData\Local\Temp\cc8SfFJp.s:4974   .debug_str:000000000000011a .LASF326
C:\Users\hugo\AppData\Local\Temp\cc8SfFJp.s:5254   .debug_str:0000000000000795 .LASF327
C:\Users\hugo\AppData\Local\Temp\cc8SfFJp.s:5416   .debug_str:0000000000000b3a .LASF328
C:\Users\hugo\AppData\Local\Temp\cc8SfFJp.s:5322   .debug_str:0000000000000917 .LASF329
C:\Users\hugo\AppData\Local\Temp\cc8SfFJp.s:5230   .debug_str:000000000000072a .LASF330
C:\Users\hugo\AppData\Local\Temp\cc8SfFJp.s:5356   .debug_str:00000000000009c4 .LASF331
C:\Users\hugo\AppData\Local\Temp\cc8SfFJp.s:4954   .debug_str:000000000000009c .LASF332
C:\Users\hugo\AppData\Local\Temp\cc8SfFJp.s:5180   .debug_str:0000000000000633 .LASF333
C:\Users\hugo\AppData\Local\Temp\cc8SfFJp.s:5544   .debug_str:0000000000000e6e .LASF334
C:\Users\hugo\AppData\Local\Temp\cc8SfFJp.s:5380   .debug_str:0000000000000a57 .LASF335
C:\Users\hugo\AppData\Local\Temp\cc8SfFJp.s:5350   .debug_str:00000000000009a6 .LASF336
C:\Users\hugo\AppData\Local\Temp\cc8SfFJp.s:5376   .debug_str:0000000000000a43 .LASF337
C:\Users\hugo\AppData\Local\Temp\cc8SfFJp.s:5514   .debug_str:0000000000000de0 .LASF338
C:\Users\hugo\AppData\Local\Temp\cc8SfFJp.s:5472   .debug_str:0000000000000ccd .LASF339
C:\Users\hugo\AppData\Local\Temp\cc8SfFJp.s:5034   .debug_str:00000000000002eb .LASF340
C:\Users\hugo\AppData\Local\Temp\cc8SfFJp.s:5698   .debug_str:000000000000116f .LASF341
C:\Users\hugo\AppData\Local\Temp\cc8SfFJp.s:5120   .debug_str:00000000000004cc .LASF342
C:\Users\hugo\AppData\Local\Temp\cc8SfFJp.s:5530   .debug_str:0000000000000e25 .LASF343
C:\Users\hugo\AppData\Local\Temp\cc8SfFJp.s:4972   .debug_str:000000000000010d .LASF344
C:\Users\hugo\AppData\Local\Temp\cc8SfFJp.s:5092   .debug_str:000000000000042e .LASF345
C:\Users\hugo\AppData\Local\Temp\cc8SfFJp.s:5368   .debug_str:0000000000000a16 .LASF346
C:\Users\hugo\AppData\Local\Temp\cc8SfFJp.s:5428   .debug_str:0000000000000b73 .LASF347
C:\Users\hugo\AppData\Local\Temp\cc8SfFJp.s:5558   .debug_str:0000000000000eb8 .LASF348
C:\Users\hugo\AppData\Local\Temp\cc8SfFJp.s:5600   .debug_str:0000000000000f6d .LASF349
C:\Users\hugo\AppData\Local\Temp\cc8SfFJp.s:5490   .debug_str:0000000000000d1d .LASF350
C:\Users\hugo\AppData\Local\Temp\cc8SfFJp.s:5422   .debug_str:0000000000000b4d .LASF351
C:\Users\hugo\AppData\Local\Temp\cc8SfFJp.s:5486   .debug_str:0000000000000d09 .LASF352
C:\Users\hugo\AppData\Local\Temp\cc8SfFJp.s:5304   .debug_str:00000000000008c1 .LASF353
C:\Users\hugo\AppData\Local\Temp\cc8SfFJp.s:5740   .debug_str:0000000000001263 .LASF354
C:\Users\hugo\AppData\Local\Temp\cc8SfFJp.s:5072   .debug_str:00000000000003b1 .LASF355
GAS LISTING C:\Users\hugo\AppData\Local\Temp\cc8SfFJp.s 			page 12


C:\Users\hugo\AppData\Local\Temp\cc8SfFJp.s:5534   .debug_str:0000000000000e3c .LASF356
C:\Users\hugo\AppData\Local\Temp\cc8SfFJp.s:5714   .debug_str:00000000000011c5 .LASF357
C:\Users\hugo\AppData\Local\Temp\cc8SfFJp.s:5406   .debug_str:0000000000000afb .LASF358
C:\Users\hugo\AppData\Local\Temp\cc8SfFJp.s:5390   .debug_str:0000000000000a8e .LASF359
C:\Users\hugo\AppData\Local\Temp\cc8SfFJp.s:5190   .debug_str:0000000000000668 .LASF360
C:\Users\hugo\AppData\Local\Temp\cc8SfFJp.s:5648   .debug_str:0000000000001064 .LASF361
C:\Users\hugo\AppData\Local\Temp\cc8SfFJp.s:5362   .debug_str:00000000000009f1 .LASF362
C:\Users\hugo\AppData\Local\Temp\cc8SfFJp.s:4986   .debug_str:0000000000000163 .LASF363
C:\Users\hugo\AppData\Local\Temp\cc8SfFJp.s:4946   .debug_str:0000000000000075 .LASF407
C:\Users\hugo\AppData\Local\Temp\cc8SfFJp.s:5076   .debug_str:00000000000003c8 .LASF364
C:\Users\hugo\AppData\Local\Temp\cc8SfFJp.s:5446   .debug_str:0000000000000be6 .LASF365
C:\Users\hugo\AppData\Local\Temp\cc8SfFJp.s:5160   .debug_str:00000000000005b7 .LASF366
C:\Users\hugo\AppData\Local\Temp\cc8SfFJp.s:5732   .debug_str:0000000000001244 .LASF367
C:\Users\hugo\AppData\Local\Temp\cc8SfFJp.s:5650   .debug_str:000000000000106b .LASF368
C:\Users\hugo\AppData\Local\Temp\cc8SfFJp.s:5130   .debug_str:000000000000051a .LASF369
C:\Users\hugo\AppData\Local\Temp\cc8SfFJp.s:5154   .debug_str:000000000000059a .LASF370
C:\Users\hugo\AppData\Local\Temp\cc8SfFJp.s:5012   .debug_str:00000000000001de .LASF371
C:\Users\hugo\AppData\Local\Temp\cc8SfFJp.s:5444   .debug_str:0000000000000bc3 .LASF372
C:\Users\hugo\AppData\Local\Temp\cc8SfFJp.s:5654   .debug_str:00000000000010a3 .LASF373
C:\Users\hugo\AppData\Local\Temp\cc8SfFJp.s:5196   .debug_str:0000000000000686 .LASF374
C:\Users\hugo\AppData\Local\Temp\cc8SfFJp.s:5128   .debug_str:00000000000004f5 .LASF375
C:\Users\hugo\AppData\Local\Temp\cc8SfFJp.s:5090   .debug_str:0000000000000417 .LASF376
C:\Users\hugo\AppData\Local\Temp\cc8SfFJp.s:5628   .debug_str:0000000000000ff5 .LASF377
C:\Users\hugo\AppData\Local\Temp\cc8SfFJp.s:5104   .debug_str:0000000000000469 .LASF378
C:\Users\hugo\AppData\Local\Temp\cc8SfFJp.s:5258   .debug_str:00000000000007a7 .LASF379
C:\Users\hugo\AppData\Local\Temp\cc8SfFJp.s:5038   .debug_str:00000000000002f8 .LASF380
C:\Users\hugo\AppData\Local\Temp\cc8SfFJp.s:4982   .debug_str:000000000000013f .LASF381
C:\Users\hugo\AppData\Local\Temp\cc8SfFJp.s:5176   .debug_str:000000000000060d .LASF382
C:\Users\hugo\AppData\Local\Temp\cc8SfFJp.s:5386   .debug_str:0000000000000a6b .LASF383
C:\Users\hugo\AppData\Local\Temp\cc8SfFJp.s:4940   .debug_str:0000000000000042 .LASF384
C:\Users\hugo\AppData\Local\Temp\cc8SfFJp.s:4960   .debug_str:00000000000000af .LASF385
C:\Users\hugo\AppData\Local\Temp\cc8SfFJp.s:5644   .debug_str:000000000000104e .LASF386
C:\Users\hugo\AppData\Local\Temp\cc8SfFJp.s:5652   .debug_str:0000000000001091 .LASF387
C:\Users\hugo\AppData\Local\Temp\cc8SfFJp.s:5088   .debug_str:00000000000003fe .LASF388
C:\Users\hugo\AppData\Local\Temp\cc8SfFJp.s:4968   .debug_str:00000000000000f1 .LASF389
C:\Users\hugo\AppData\Local\Temp\cc8SfFJp.s:5298   .debug_str:00000000000008a0 .LASF390
C:\Users\hugo\AppData\Local\Temp\cc8SfFJp.s:5372   .debug_str:0000000000000a2d .LASF391
C:\Users\hugo\AppData\Local\Temp\cc8SfFJp.s:5014   .debug_str:000000000000020c .LASF392
C:\Users\hugo\AppData\Local\Temp\cc8SfFJp.s:5262   .debug_str:00000000000007c8 .LASF393
C:\Users\hugo\AppData\Local\Temp\cc8SfFJp.s:5354   .debug_str:00000000000009b8 .LASF394
C:\Users\hugo\AppData\Local\Temp\cc8SfFJp.s:5132   .debug_str:0000000000000529 .LASF395
C:\Users\hugo\AppData\Local\Temp\cc8SfFJp.s:5630   .debug_str:0000000000001009 .LASF396
C:\Users\hugo\AppData\Local\Temp\cc8SfFJp.s:32     .text.USBFS_WKUP_IRQHandler:0000000000000000 .LFB7
C:\Users\hugo\AppData\Local\Temp\cc8SfFJp.s:85     .text.USBFS_WKUP_IRQHandler:0000000000000056 .LFE7
C:\Users\hugo\AppData\Local\Temp\cc8SfFJp.s:4887   .debug_loc:0000000000000000 .LLST0
C:\Users\hugo\AppData\Local\Temp\cc8SfFJp.s:54     .text.USBFS_WKUP_IRQHandler:000000000000001c .LVL1
C:\Users\hugo\AppData\Local\Temp\cc8SfFJp.s:59     .text.USBFS_WKUP_IRQHandler:000000000000002c .LVL2
C:\Users\hugo\AppData\Local\Temp\cc8SfFJp.s:63     .text.USBFS_WKUP_IRQHandler:0000000000000038 .LVL3
C:\Users\hugo\AppData\Local\Temp\cc8SfFJp.s:67     .text.USBFS_WKUP_IRQHandler:0000000000000044 .LVL4
C:\Users\hugo\AppData\Local\Temp\cc8SfFJp.s:83     .text.USBFS_WKUP_IRQHandler:0000000000000056 .LVL5
C:\Users\hugo\AppData\Local\Temp\cc8SfFJp.s:5452   .debug_str:0000000000000c13 .LASF397
C:\Users\hugo\AppData\Local\Temp\cc8SfFJp.s:15     .text.USBFS_IRQHandler:0000000000000000 .LFB6
C:\Users\hugo\AppData\Local\Temp\cc8SfFJp.s:25     .text.USBFS_IRQHandler:0000000000000010 .LFE6
C:\Users\hugo\AppData\Local\Temp\cc8SfFJp.s:23     .text.USBFS_IRQHandler:0000000000000010 .LVL0
C:\Users\hugo\AppData\Local\Temp\cc8SfFJp.s:5358   .debug_str:00000000000009cc .LASF398
C:\Users\hugo\AppData\Local\Temp\cc8SfFJp.s:5674   .debug_str:000000000000110d .LASF399
C:\Users\hugo\AppData\Local\Temp\cc8SfFJp.s:5718   .debug_str:00000000000011dc .LASF400
GAS LISTING C:\Users\hugo\AppData\Local\Temp\cc8SfFJp.s 			page 13


C:\Users\hugo\AppData\Local\Temp\cc8SfFJp.s:5458   .debug_str:0000000000000c7c .LASF401
C:\Users\hugo\AppData\Local\Temp\cc8SfFJp.s:5494   .debug_str:0000000000000d34 .LASF402
C:\Users\hugo\AppData\Local\Temp\cc8SfFJp.s:5098   .debug_str:000000000000044f .LASF403
C:\Users\hugo\AppData\Local\Temp\cc8SfFJp.s:38     .text.USBFS_WKUP_IRQHandler:0000000000000002 .LCFI0
C:\Users\hugo\AppData\Local\Temp\cc8SfFJp.s:79     .text.USBFS_WKUP_IRQHandler:000000000000004e .LCFI1
C:\Users\hugo\AppData\Local\Temp\cc8SfFJp.s:107    .debug_info:0000000000000000 .Ldebug_info0

UNDEFINED SYMBOLS
usbd_isr
set_usb_clock_96m_hxtal
usbfs_prescaler
rcu_usb_clock_config
rcu_periph_clock_enable
usb_clock_active
exti_interrupt_flag_clear
