GAS LISTING C:\Users\hugo\AppData\Local\Temp\cckjwm5m.s 			page 1


   1              		.file	"init.c"
   2              		.option nopic
   3              		.attribute arch, "rv32i2p0_m2p0_a2p0_c2p0"
   4              		.attribute unaligned_access, 0
   5              		.attribute stack_align, 16
   6              		.text
   7              	.Ltext0:
   8              		.cfi_sections	.debug_frame
   9              		.section	.text._init,"ax",@progbits
  10              		.align	1
  11              		.globl	_init
  13              	_init:
  14              	.LFB5:
  15              		.file 1 "./../../firmware/RISCV/env_Eclipse/init.c"
   1:./../../firmware/RISCV/env_Eclipse/init.c **** //See LICENSE for license details.
   2:./../../firmware/RISCV/env_Eclipse/init.c **** #include <gd32vf103.h>
   3:./../../firmware/RISCV/env_Eclipse/init.c **** #include <stdint.h>
   4:./../../firmware/RISCV/env_Eclipse/init.c **** #include <stdio.h>
   5:./../../firmware/RISCV/env_Eclipse/init.c **** #include <unistd.h>
   6:./../../firmware/RISCV/env_Eclipse/init.c **** #include "riscv_encoding.h"
   7:./../../firmware/RISCV/env_Eclipse/init.c **** #include "n200_func.h"
   8:./../../firmware/RISCV/env_Eclipse/init.c **** 
   9:./../../firmware/RISCV/env_Eclipse/init.c **** #ifdef USE_SOFTWARE_DEBUGGER
  10:./../../firmware/RISCV/env_Eclipse/init.c **** #include "debugger.h"
  11:./../../firmware/RISCV/env_Eclipse/init.c **** #endif
  12:./../../firmware/RISCV/env_Eclipse/init.c **** 
  13:./../../firmware/RISCV/env_Eclipse/init.c **** extern uint32_t disable_mcycle_minstret();
  14:./../../firmware/RISCV/env_Eclipse/init.c **** void _init()
  15:./../../firmware/RISCV/env_Eclipse/init.c **** {
  16              		.loc 1 15 1
  17              		.cfi_startproc
  16:./../../firmware/RISCV/env_Eclipse/init.c **** 	SystemInit();
  18              		.loc 1 16 2
  15:./../../firmware/RISCV/env_Eclipse/init.c **** 	SystemInit();
  19              		.loc 1 15 1 is_stmt 0
  20 0000 4111     		addi	sp,sp,-16
  21              	.LCFI0:
  22              		.cfi_def_cfa_offset 16
  23 0002 06C6     		sw	ra,12(sp)
  24              		.cfi_offset 1, -4
  25              		.loc 1 16 2
  26 0004 97000000 		call	SystemInit
  26      E7800000 
  27              	.LVL0:
  17:./../../firmware/RISCV/env_Eclipse/init.c **** 
  18:./../../firmware/RISCV/env_Eclipse/init.c **** 	//ECLIC init
  19:./../../firmware/RISCV/env_Eclipse/init.c **** 	eclic_init(ECLIC_NUM_INTERRUPTS);
  28              		.loc 1 19 2 is_stmt 1
  29 000c 13057005 		li	a0,87
  30 0010 97000000 		call	eclic_init
  30      E7800000 
  31              	.LVL1:
  20:./../../firmware/RISCV/env_Eclipse/init.c **** 	eclic_mode_enable();
  32              		.loc 1 20 2
  33 0018 97000000 		call	eclic_mode_enable
  33      E7800000 
  34              	.LVL2:
GAS LISTING C:\Users\hugo\AppData\Local\Temp\cckjwm5m.s 			page 2


  21:./../../firmware/RISCV/env_Eclipse/init.c **** 
  22:./../../firmware/RISCV/env_Eclipse/init.c **** 	//printf("After ECLIC mode enabled, the mtvec value is %x \n\n\r", read_csr(mtvec));
  23:./../../firmware/RISCV/env_Eclipse/init.c **** 
  24:./../../firmware/RISCV/env_Eclipse/init.c **** 	// // It must be NOTED:
  25:./../../firmware/RISCV/env_Eclipse/init.c **** 	//  //    * In the RISC-V arch, if user mode and PMP supported, then by default if PMP is not conf
  26:./../../firmware/RISCV/env_Eclipse/init.c **** 	//  //      with valid entries, then user mode cannot access any memory, and cannot execute any in
  27:./../../firmware/RISCV/env_Eclipse/init.c **** 	//  //    * So if switch to user-mode and still want to continue, then you must configure PMP firs
  28:./../../firmware/RISCV/env_Eclipse/init.c **** 	//pmp_open_all_space();
  29:./../../firmware/RISCV/env_Eclipse/init.c **** 	//switch_m2u_mode();
  30:./../../firmware/RISCV/env_Eclipse/init.c **** 	
  31:./../../firmware/RISCV/env_Eclipse/init.c ****     /* Before enter into main, add the cycle/instret disable by default to save power,
  32:./../../firmware/RISCV/env_Eclipse/init.c ****     only use them when needed to measure the cycle/instret */
  33:./../../firmware/RISCV/env_Eclipse/init.c **** 	disable_mcycle_minstret();
  35              		.loc 1 33 2
  34:./../../firmware/RISCV/env_Eclipse/init.c **** #ifdef USE_SOFTWARE_DEBUGGER
  35:./../../firmware/RISCV/env_Eclipse/init.c **** 	dbg_init();
  36:./../../firmware/RISCV/env_Eclipse/init.c **** #endif
  37:./../../firmware/RISCV/env_Eclipse/init.c **** 	
  38:./../../firmware/RISCV/env_Eclipse/init.c **** 
  39:./../../firmware/RISCV/env_Eclipse/init.c **** }
  36              		.loc 1 39 1 is_stmt 0
  37 0020 B240     		lw	ra,12(sp)
  38              		.cfi_restore 1
  39 0022 4101     		addi	sp,sp,16
  40              	.LCFI1:
  41              		.cfi_def_cfa_offset 0
  33:./../../firmware/RISCV/env_Eclipse/init.c **** #ifdef USE_SOFTWARE_DEBUGGER
  42              		.loc 1 33 2
  43 0024 17030000 		tail	disable_mcycle_minstret
  43      67000300 
  44              	.LVL3:
  45              		.cfi_endproc
  46              	.LFE5:
  48              		.section	.text._fini,"ax",@progbits
  49              		.align	1
  50              		.globl	_fini
  52              	_fini:
  53              	.LFB6:
  40:./../../firmware/RISCV/env_Eclipse/init.c **** 
  41:./../../firmware/RISCV/env_Eclipse/init.c **** void _fini()
  42:./../../firmware/RISCV/env_Eclipse/init.c **** {
  54              		.loc 1 42 1 is_stmt 1
  55              		.cfi_startproc
  43:./../../firmware/RISCV/env_Eclipse/init.c **** }
  56              		.loc 1 43 1
  57 0000 8280     		ret
  58              		.cfi_endproc
  59              	.LFE6:
  61              		.text
  62              	.Letext0:
  63              		.file 2 "c:\\users\\hugo\\kth\\mikrodatorteknik\\toolchain-gd32v-v202-win\\compiler\\riscv64-unkno
  64              		.file 3 "c:\\users\\hugo\\kth\\mikrodatorteknik\\toolchain-gd32v-v202-win\\compiler\\riscv64-unkno
  65              		.file 4 "c:\\users\\hugo\\kth\\mikrodatorteknik\\toolchain-gd32v-v202-win\\compiler\\lib\\gcc\\ris
  66              		.file 5 "c:\\users\\hugo\\kth\\mikrodatorteknik\\toolchain-gd32v-v202-win\\compiler\\riscv64-unkno
  67              		.file 6 "c:\\users\\hugo\\kth\\mikrodatorteknik\\toolchain-gd32v-v202-win\\compiler\\riscv64-unkno
  68              		.file 7 "c:\\users\\hugo\\kth\\mikrodatorteknik\\toolchain-gd32v-v202-win\\compiler\\riscv64-unkno
  69              		.file 8 "./../../firmware/GD32VF103_standard_peripheral/system_gd32vf103.h"
GAS LISTING C:\Users\hugo\AppData\Local\Temp\cckjwm5m.s 			page 3


  70              		.file 9 "c:\\users\\hugo\\kth\\mikrodatorteknik\\toolchain-gd32v-v202-win\\compiler\\riscv64-unkno
  71              		.file 10 "./../../firmware/RISCV/drivers/n200_func.h"
  72              		.file 11 "./../../firmware/GD32VF103_standard_peripheral/gd32vf103.h"
GAS LISTING C:\Users\hugo\AppData\Local\Temp\cckjwm5m.s 			page 4


DEFINED SYMBOLS
                            *ABS*:0000000000000000 init.c
C:\Users\hugo\AppData\Local\Temp\cckjwm5m.s:13     .text._init:0000000000000000 _init
C:\Users\hugo\AppData\Local\Temp\cckjwm5m.s:17     .text._init:0000000000000000 .L0 
C:\Users\hugo\AppData\Local\Temp\cckjwm5m.s:18     .text._init:0000000000000000 .L0 
C:\Users\hugo\AppData\Local\Temp\cckjwm5m.s:19     .text._init:0000000000000000 .L0 
C:\Users\hugo\AppData\Local\Temp\cckjwm5m.s:20     .text._init:0000000000000000 .L0 
C:\Users\hugo\AppData\Local\Temp\cckjwm5m.s:22     .text._init:0000000000000002 .L0 
C:\Users\hugo\AppData\Local\Temp\cckjwm5m.s:24     .text._init:0000000000000004 .L0 
C:\Users\hugo\AppData\Local\Temp\cckjwm5m.s:26     .text._init:0000000000000004 .L0 
C:\Users\hugo\AppData\Local\Temp\cckjwm5m.s:29     .text._init:000000000000000c .L0 
C:\Users\hugo\AppData\Local\Temp\cckjwm5m.s:33     .text._init:0000000000000018 .L0 
C:\Users\hugo\AppData\Local\Temp\cckjwm5m.s:36     .text._init:0000000000000020 .L0 
C:\Users\hugo\AppData\Local\Temp\cckjwm5m.s:37     .text._init:0000000000000020 .L0 
C:\Users\hugo\AppData\Local\Temp\cckjwm5m.s:38     .text._init:0000000000000022 .L0 
C:\Users\hugo\AppData\Local\Temp\cckjwm5m.s:41     .text._init:0000000000000024 .L0 
C:\Users\hugo\AppData\Local\Temp\cckjwm5m.s:43     .text._init:0000000000000024 .L0 
C:\Users\hugo\AppData\Local\Temp\cckjwm5m.s:45     .text._init:000000000000002c .L0 
C:\Users\hugo\AppData\Local\Temp\cckjwm5m.s:52     .text._fini:0000000000000000 _fini
C:\Users\hugo\AppData\Local\Temp\cckjwm5m.s:55     .text._fini:0000000000000000 .L0 
C:\Users\hugo\AppData\Local\Temp\cckjwm5m.s:56     .text._fini:0000000000000000 .L0 
C:\Users\hugo\AppData\Local\Temp\cckjwm5m.s:57     .text._fini:0000000000000000 .L0 
C:\Users\hugo\AppData\Local\Temp\cckjwm5m.s:58     .text._fini:0000000000000002 .L0 
C:\Users\hugo\AppData\Local\Temp\cckjwm5m.s:48     .text._init:000000000000002c .L0 
C:\Users\hugo\AppData\Local\Temp\cckjwm5m.s:61     .text._fini:0000000000000002 .L0 
                     .debug_frame:0000000000000000 .L0 
C:\Users\hugo\AppData\Local\Temp\cckjwm5m.s:1818   .debug_abbrev:0000000000000000 .Ldebug_abbrev0
C:\Users\hugo\AppData\Local\Temp\cckjwm5m.s:2742   .debug_str:0000000000000796 .LASF199
C:\Users\hugo\AppData\Local\Temp\cckjwm5m.s:2470   .debug_str:00000000000001df .LASF200
C:\Users\hugo\AppData\Local\Temp\cckjwm5m.s:2422   .debug_str:0000000000000060 .LASF201
C:\Users\hugo\AppData\Local\Temp\cckjwm5m.s:2396   .debug_ranges:0000000000000000 .Ldebug_ranges0
C:\Users\hugo\AppData\Local\Temp\cckjwm5m.s:2404   .debug_line:0000000000000000 .Ldebug_line0
C:\Users\hugo\AppData\Local\Temp\cckjwm5m.s:2608   .debug_str:00000000000004e7 .LASF202
C:\Users\hugo\AppData\Local\Temp\cckjwm5m.s:2526   .debug_str:0000000000000342 .LASF0
C:\Users\hugo\AppData\Local\Temp\cckjwm5m.s:2812   .debug_str:000000000000099c .LASF1
C:\Users\hugo\AppData\Local\Temp\cckjwm5m.s:2754   .debug_str:0000000000000859 .LASF2
C:\Users\hugo\AppData\Local\Temp\cckjwm5m.s:2520   .debug_str:0000000000000313 .LASF3
C:\Users\hugo\AppData\Local\Temp\cckjwm5m.s:2600   .debug_str:00000000000004be .LASF4
C:\Users\hugo\AppData\Local\Temp\cckjwm5m.s:2578   .debug_str:0000000000000466 .LASF5
C:\Users\hugo\AppData\Local\Temp\cckjwm5m.s:2792   .debug_str:000000000000092a .LASF6
C:\Users\hugo\AppData\Local\Temp\cckjwm5m.s:2744   .debug_str:000000000000081e .LASF7
C:\Users\hugo\AppData\Local\Temp\cckjwm5m.s:2580   .debug_str:0000000000000471 .LASF8
C:\Users\hugo\AppData\Local\Temp\cckjwm5m.s:2784   .debug_str:00000000000008ff .LASF9
C:\Users\hugo\AppData\Local\Temp\cckjwm5m.s:2662   .debug_str:0000000000000616 .LASF10
C:\Users\hugo\AppData\Local\Temp\cckjwm5m.s:2766   .debug_str:00000000000008a4 .LASF11
C:\Users\hugo\AppData\Local\Temp\cckjwm5m.s:2816   .debug_str:00000000000009b3 .LASF12
C:\Users\hugo\AppData\Local\Temp\cckjwm5m.s:2444   .debug_str:000000000000013b .LASF13
C:\Users\hugo\AppData\Local\Temp\cckjwm5m.s:2624   .debug_str:0000000000000531 .LASF14
C:\Users\hugo\AppData\Local\Temp\cckjwm5m.s:2664   .debug_str:0000000000000623 .LASF15
C:\Users\hugo\AppData\Local\Temp\cckjwm5m.s:2676   .debug_str:0000000000000659 .LASF16
C:\Users\hugo\AppData\Local\Temp\cckjwm5m.s:2440   .debug_str:000000000000011d .LASF17
C:\Users\hugo\AppData\Local\Temp\cckjwm5m.s:2506   .debug_str:00000000000002be .LASF18
C:\Users\hugo\AppData\Local\Temp\cckjwm5m.s:2556   .debug_str:00000000000003e1 .LASF19
C:\Users\hugo\AppData\Local\Temp\cckjwm5m.s:2638   .debug_str:0000000000000586 .LASF20
C:\Users\hugo\AppData\Local\Temp\cckjwm5m.s:2776   .debug_str:00000000000008cf .LASF21
C:\Users\hugo\AppData\Local\Temp\cckjwm5m.s:2410   .debug_str:0000000000000016 .LASF22
C:\Users\hugo\AppData\Local\Temp\cckjwm5m.s:2448   .debug_str:0000000000000155 .LASF23
GAS LISTING C:\Users\hugo\AppData\Local\Temp\cckjwm5m.s 			page 5


C:\Users\hugo\AppData\Local\Temp\cckjwm5m.s:2516   .debug_str:00000000000002fb .LASF24
C:\Users\hugo\AppData\Local\Temp\cckjwm5m.s:2412   .debug_str:0000000000000029 .LASF25
C:\Users\hugo\AppData\Local\Temp\cckjwm5m.s:2458   .debug_str:00000000000001a4 .LASF26
C:\Users\hugo\AppData\Local\Temp\cckjwm5m.s:2510   .debug_str:00000000000002df .LASF27
C:\Users\hugo\AppData\Local\Temp\cckjwm5m.s:2500   .debug_str:0000000000000294 .LASF28
C:\Users\hugo\AppData\Local\Temp\cckjwm5m.s:2548   .debug_str:00000000000003b2 .LASF29
C:\Users\hugo\AppData\Local\Temp\cckjwm5m.s:2474   .debug_str:000000000000020f .LASF30
C:\Users\hugo\AppData\Local\Temp\cckjwm5m.s:2786   .debug_str:0000000000000908 .LASF31
C:\Users\hugo\AppData\Local\Temp\cckjwm5m.s:2450   .debug_str:0000000000000161 .LASF32
C:\Users\hugo\AppData\Local\Temp\cckjwm5m.s:2620   .debug_str:000000000000051e .LASF33
C:\Users\hugo\AppData\Local\Temp\cckjwm5m.s:2658   .debug_str:0000000000000604 .LASF34
C:\Users\hugo\AppData\Local\Temp\cckjwm5m.s:2724   .debug_str:000000000000073b .LASF35
C:\Users\hugo\AppData\Local\Temp\cckjwm5m.s:2656   .debug_str:00000000000005f7 .LASF36
C:\Users\hugo\AppData\Local\Temp\cckjwm5m.s:2738   .debug_str:0000000000000783 .LASF37
C:\Users\hugo\AppData\Local\Temp\cckjwm5m.s:2424   .debug_str:00000000000000ae .LASF38
C:\Users\hugo\AppData\Local\Temp\cckjwm5m.s:2804   .debug_str:000000000000096c .LASF39
C:\Users\hugo\AppData\Local\Temp\cckjwm5m.s:2540   .debug_str:0000000000000385 .LASF40
C:\Users\hugo\AppData\Local\Temp\cckjwm5m.s:2586   .debug_str:0000000000000488 .LASF41
C:\Users\hugo\AppData\Local\Temp\cckjwm5m.s:2484   .debug_str:0000000000000243 .LASF42
C:\Users\hugo\AppData\Local\Temp\cckjwm5m.s:2650   .debug_str:00000000000005da .LASF43
C:\Users\hugo\AppData\Local\Temp\cckjwm5m.s:2708   .debug_str:00000000000006f6 .LASF44
C:\Users\hugo\AppData\Local\Temp\cckjwm5m.s:2768   .debug_str:00000000000008af .LASF45
C:\Users\hugo\AppData\Local\Temp\cckjwm5m.s:2732   .debug_str:0000000000000763 .LASF46
C:\Users\hugo\AppData\Local\Temp\cckjwm5m.s:2810   .debug_str:000000000000098c .LASF47
C:\Users\hugo\AppData\Local\Temp\cckjwm5m.s:2530   .debug_str:0000000000000359 .LASF48
C:\Users\hugo\AppData\Local\Temp\cckjwm5m.s:2488   .debug_str:0000000000000261 .LASF49
C:\Users\hugo\AppData\Local\Temp\cckjwm5m.s:2626   .debug_str:000000000000053c .LASF50
C:\Users\hugo\AppData\Local\Temp\cckjwm5m.s:2642   .debug_str:00000000000005a0 .LASF51
C:\Users\hugo\AppData\Local\Temp\cckjwm5m.s:2518   .debug_str:0000000000000308 .LASF52
C:\Users\hugo\AppData\Local\Temp\cckjwm5m.s:2546   .debug_str:00000000000003a6 .LASF53
C:\Users\hugo\AppData\Local\Temp\cckjwm5m.s:2592   .debug_str:000000000000049f .LASF54
C:\Users\hugo\AppData\Local\Temp\cckjwm5m.s:2798   .debug_str:000000000000094d .LASF55
C:\Users\hugo\AppData\Local\Temp\cckjwm5m.s:2644   .debug_str:00000000000005ab .LASF56
C:\Users\hugo\AppData\Local\Temp\cckjwm5m.s:2612   .debug_str:00000000000004f5 .LASF57
C:\Users\hugo\AppData\Local\Temp\cckjwm5m.s:2504   .debug_str:00000000000002ab .LASF58
C:\Users\hugo\AppData\Local\Temp\cckjwm5m.s:2524   .debug_str:000000000000032f .LASF59
C:\Users\hugo\AppData\Local\Temp\cckjwm5m.s:2570   .debug_str:0000000000000435 .LASF60
C:\Users\hugo\AppData\Local\Temp\cckjwm5m.s:2414   .debug_str:0000000000000037 .LASF61
C:\Users\hugo\AppData\Local\Temp\cckjwm5m.s:2432   .debug_str:00000000000000e4 .LASF62
C:\Users\hugo\AppData\Local\Temp\cckjwm5m.s:2562   .debug_str:000000000000040e .LASF63
C:\Users\hugo\AppData\Local\Temp\cckjwm5m.s:2576   .debug_str:000000000000045b .LASF64
C:\Users\hugo\AppData\Local\Temp\cckjwm5m.s:2628   .debug_str:0000000000000546 .LASF65
C:\Users\hugo\AppData\Local\Temp\cckjwm5m.s:2728   .debug_str:000000000000074d .LASF66
C:\Users\hugo\AppData\Local\Temp\cckjwm5m.s:2464   .debug_str:00000000000001c0 .LASF67
C:\Users\hugo\AppData\Local\Temp\cckjwm5m.s:2748   .debug_str:000000000000083d .LASF68
C:\Users\hugo\AppData\Local\Temp\cckjwm5m.s:2408   .debug_str:000000000000000c .LASF69
C:\Users\hugo\AppData\Local\Temp\cckjwm5m.s:2746   .debug_str:000000000000082a .LASF70
C:\Users\hugo\AppData\Local\Temp\cckjwm5m.s:2492   .debug_str:0000000000000275 .LASF71
C:\Users\hugo\AppData\Local\Temp\cckjwm5m.s:2734   .debug_str:0000000000000772 .LASF75
C:\Users\hugo\AppData\Local\Temp\cckjwm5m.s:2560   .debug_str:00000000000003fc .LASF72
C:\Users\hugo\AppData\Local\Temp\cckjwm5m.s:2508   .debug_str:00000000000002d1 .LASF73
C:\Users\hugo\AppData\Local\Temp\cckjwm5m.s:2434   .debug_str:00000000000000f2 .LASF74
C:\Users\hugo\AppData\Local\Temp\cckjwm5m.s:2762   .debug_str:000000000000088e .LASF76
C:\Users\hugo\AppData\Local\Temp\cckjwm5m.s:2552   .debug_str:00000000000003c9 .LASF186
C:\Users\hugo\AppData\Local\Temp\cckjwm5m.s:2714   .debug_str:0000000000000714 .LASF77
C:\Users\hugo\AppData\Local\Temp\cckjwm5m.s:2640   .debug_str:0000000000000599 .LASF78
C:\Users\hugo\AppData\Local\Temp\cckjwm5m.s:2460   .debug_str:00000000000001b2 .LASF79
GAS LISTING C:\Users\hugo\AppData\Local\Temp\cckjwm5m.s 			page 6


C:\Users\hugo\AppData\Local\Temp\cckjwm5m.s:2712   .debug_str:000000000000070c .LASF80
C:\Users\hugo\AppData\Local\Temp\cckjwm5m.s:2778   .debug_str:00000000000008e2 .LASF81
C:\Users\hugo\AppData\Local\Temp\cckjwm5m.s:2584   .debug_str:0000000000000482 .LASF82
C:\Users\hugo\AppData\Local\Temp\cckjwm5m.s:2550   .debug_str:00000000000003c2 .LASF83
C:\Users\hugo\AppData\Local\Temp\cckjwm5m.s:2704   .debug_str:00000000000006e6 .LASF84
C:\Users\hugo\AppData\Local\Temp\cckjwm5m.s:2706   .debug_str:00000000000006ee .LASF85
C:\Users\hugo\AppData\Local\Temp\cckjwm5m.s:2680   .debug_str:0000000000000673 .LASF86
C:\Users\hugo\AppData\Local\Temp\cckjwm5m.s:2756   .debug_str:0000000000000866 .LASF87
C:\Users\hugo\AppData\Local\Temp\cckjwm5m.s:2648   .debug_str:00000000000005c8 .LASF88
C:\Users\hugo\AppData\Local\Temp\cckjwm5m.s:2668   .debug_str:0000000000000637 .LASF89
C:\Users\hugo\AppData\Local\Temp\cckjwm5m.s:2538   .debug_str:000000000000037d .LASF94
C:\Users\hugo\AppData\Local\Temp\cckjwm5m.s:2736   .debug_str:000000000000077d .LASF90
C:\Users\hugo\AppData\Local\Temp\cckjwm5m.s:2698   .debug_str:00000000000006d1 .LASF91
C:\Users\hugo\AppData\Local\Temp\cckjwm5m.s:2532   .debug_str:0000000000000363 .LASF92
C:\Users\hugo\AppData\Local\Temp\cckjwm5m.s:2772   .debug_str:00000000000008c4 .LASF93
C:\Users\hugo\AppData\Local\Temp\cckjwm5m.s:2514   .debug_str:00000000000002f6 .LASF95
C:\Users\hugo\AppData\Local\Temp\cckjwm5m.s:2456   .debug_str:000000000000019b .LASF96
C:\Users\hugo\AppData\Local\Temp\cckjwm5m.s:2750   .debug_str:000000000000084b .LASF97
C:\Users\hugo\AppData\Local\Temp\cckjwm5m.s:2476   .debug_str:000000000000021e .LASF98
C:\Users\hugo\AppData\Local\Temp\cckjwm5m.s:2814   .debug_str:00000000000009a9 .LASF99
C:\Users\hugo\AppData\Local\Temp\cckjwm5m.s:2630   .debug_str:000000000000055b .LASF100
C:\Users\hugo\AppData\Local\Temp\cckjwm5m.s:2606   .debug_str:00000000000004dd .LASF101
C:\Users\hugo\AppData\Local\Temp\cckjwm5m.s:2710   .debug_str:0000000000000702 .LASF102
C:\Users\hugo\AppData\Local\Temp\cckjwm5m.s:2670   .debug_str:0000000000000640 .LASF103
C:\Users\hugo\AppData\Local\Temp\cckjwm5m.s:2794   .debug_str:0000000000000933 .LASF104
C:\Users\hugo\AppData\Local\Temp\cckjwm5m.s:2480   .debug_str:000000000000022d .LASF105
C:\Users\hugo\AppData\Local\Temp\cckjwm5m.s:2416   .debug_str:0000000000000045 .LASF106
C:\Users\hugo\AppData\Local\Temp\cckjwm5m.s:2406   .debug_str:0000000000000000 .LASF107
C:\Users\hugo\AppData\Local\Temp\cckjwm5m.s:2730   .debug_str:000000000000075a .LASF108
C:\Users\hugo\AppData\Local\Temp\cckjwm5m.s:2496   .debug_str:0000000000000285 .LASF109
C:\Users\hugo\AppData\Local\Temp\cckjwm5m.s:2632   .debug_str:0000000000000564 .LASF110
C:\Users\hugo\AppData\Local\Temp\cckjwm5m.s:2690   .debug_str:00000000000006a1 .LASF111
C:\Users\hugo\AppData\Local\Temp\cckjwm5m.s:2528   .debug_str:0000000000000354 .LASF112
C:\Users\hugo\AppData\Local\Temp\cckjwm5m.s:2672   .debug_str:000000000000064a .LASF113
C:\Users\hugo\AppData\Local\Temp\cckjwm5m.s:2472   .debug_str:0000000000000209 .LASF114
C:\Users\hugo\AppData\Local\Temp\cckjwm5m.s:2726   .debug_str:0000000000000747 .LASF115
C:\Users\hugo\AppData\Local\Temp\cckjwm5m.s:2682   .debug_str:000000000000067e .LASF116
C:\Users\hugo\AppData\Local\Temp\cckjwm5m.s:2494   .debug_str:000000000000027e .LASF117
C:\Users\hugo\AppData\Local\Temp\cckjwm5m.s:2770   .debug_str:00000000000008be .LASF118
C:\Users\hugo\AppData\Local\Temp\cckjwm5m.s:2436   .debug_str:0000000000000109 .LASF119
C:\Users\hugo\AppData\Local\Temp\cckjwm5m.s:2482   .debug_str:000000000000023b .LASF120
C:\Users\hugo\AppData\Local\Temp\cckjwm5m.s:2544   .debug_str:00000000000003a0 .LASF121
C:\Users\hugo\AppData\Local\Temp\cckjwm5m.s:2604   .debug_str:00000000000004d6 .LASF122
C:\Users\hugo\AppData\Local\Temp\cckjwm5m.s:2740   .debug_str:0000000000000790 .LASF123
C:\Users\hugo\AppData\Local\Temp\cckjwm5m.s:2462   .debug_str:00000000000001b9 .LASF124
C:\Users\hugo\AppData\Local\Temp\cckjwm5m.s:2468   .debug_str:00000000000001d9 .LASF125
C:\Users\hugo\AppData\Local\Temp\cckjwm5m.s:2788   .debug_str:000000000000091c .LASF126
C:\Users\hugo\AppData\Local\Temp\cckjwm5m.s:2722   .debug_str:0000000000000732 .LASF127
C:\Users\hugo\AppData\Local\Temp\cckjwm5m.s:2616   .debug_str:000000000000050f .LASF128
C:\Users\hugo\AppData\Local\Temp\cckjwm5m.s:2564   .debug_str:000000000000041d .LASF129
C:\Users\hugo\AppData\Local\Temp\cckjwm5m.s:2594   .debug_str:00000000000004ab .LASF130
C:\Users\hugo\AppData\Local\Temp\cckjwm5m.s:2684   .debug_str:0000000000000686 .LASF131
C:\Users\hugo\AppData\Local\Temp\cckjwm5m.s:2674   .debug_str:0000000000000651 .LASF132
C:\Users\hugo\AppData\Local\Temp\cckjwm5m.s:2700   .debug_str:00000000000006d9 .LASF133
C:\Users\hugo\AppData\Local\Temp\cckjwm5m.s:2718   .debug_str:0000000000000726 .LASF134
C:\Users\hugo\AppData\Local\Temp\cckjwm5m.s:2498   .debug_str:000000000000028d .LASF135
C:\Users\hugo\AppData\Local\Temp\cckjwm5m.s:2554   .debug_str:00000000000003d9 .LASF136
GAS LISTING C:\Users\hugo\AppData\Local\Temp\cckjwm5m.s 			page 7


C:\Users\hugo\AppData\Local\Temp\cckjwm5m.s:2536   .debug_str:0000000000000375 .LASF137
C:\Users\hugo\AppData\Local\Temp\cckjwm5m.s:2688   .debug_str:000000000000069c .LASF138
C:\Users\hugo\AppData\Local\Temp\cckjwm5m.s:2420   .debug_str:0000000000000055 .LASF139
C:\Users\hugo\AppData\Local\Temp\cckjwm5m.s:2696   .debug_str:00000000000006b8 .LASF140
C:\Users\hugo\AppData\Local\Temp\cckjwm5m.s:2692   .debug_str:00000000000006a6 .LASF141
C:\Users\hugo\AppData\Local\Temp\cckjwm5m.s:2634   .debug_str:000000000000056c .LASF142
C:\Users\hugo\AppData\Local\Temp\cckjwm5m.s:2694   .debug_str:00000000000006ae .LASF143
C:\Users\hugo\AppData\Local\Temp\cckjwm5m.s:2582   .debug_str:000000000000047a .LASF144
C:\Users\hugo\AppData\Local\Temp\cckjwm5m.s:2502   .debug_str:00000000000002a1 .LASF145
C:\Users\hugo\AppData\Local\Temp\cckjwm5m.s:2808   .debug_str:0000000000000987 .LASF146
C:\Users\hugo\AppData\Local\Temp\cckjwm5m.s:2646   .debug_str:00000000000005be .LASF147
C:\Users\hugo\AppData\Local\Temp\cckjwm5m.s:2558   .debug_str:00000000000003f4 .LASF148
C:\Users\hugo\AppData\Local\Temp\cckjwm5m.s:2512   .debug_str:00000000000002ee .LASF149
C:\Users\hugo\AppData\Local\Temp\cckjwm5m.s:2590   .debug_str:000000000000049a .LASF150
C:\Users\hugo\AppData\Local\Temp\cckjwm5m.s:2426   .debug_str:00000000000000bb .LASF151
C:\Users\hugo\AppData\Local\Temp\cckjwm5m.s:2782   .debug_str:00000000000008f5 .LASF152
C:\Users\hugo\AppData\Local\Temp\cckjwm5m.s:2490   .debug_str:000000000000026d .LASF153
C:\Users\hugo\AppData\Local\Temp\cckjwm5m.s:2478   .debug_str:0000000000000228 .LASF154
C:\Users\hugo\AppData\Local\Temp\cckjwm5m.s:2720   .debug_str:000000000000072d .LASF155
C:\Users\hugo\AppData\Local\Temp\cckjwm5m.s:2678   .debug_str:000000000000066c .LASF156
C:\Users\hugo\AppData\Local\Temp\cckjwm5m.s:2774   .debug_str:00000000000008c9 .LASF157
C:\Users\hugo\AppData\Local\Temp\cckjwm5m.s:2566   .debug_str:0000000000000423 .LASF158
C:\Users\hugo\AppData\Local\Temp\cckjwm5m.s:2660   .debug_str:0000000000000610 .LASF159
C:\Users\hugo\AppData\Local\Temp\cckjwm5m.s:2418   .debug_str:000000000000004d .LASF160
C:\Users\hugo\AppData\Local\Temp\cckjwm5m.s:2702   .debug_str:00000000000006e0 .LASF161
C:\Users\hugo\AppData\Local\Temp\cckjwm5m.s:2596   .debug_str:00000000000004b1 .LASF162
C:\Users\hugo\AppData\Local\Temp\cckjwm5m.s:2752   .debug_str:0000000000000854 .LASF163
C:\Users\hugo\AppData\Local\Temp\cckjwm5m.s:2764   .debug_str:0000000000000897 .LASF164
C:\Users\hugo\AppData\Local\Temp\cckjwm5m.s:2466   .debug_str:00000000000001cc .LASF165
C:\Users\hugo\AppData\Local\Temp\cckjwm5m.s:2574   .debug_str:000000000000044e .LASF166
C:\Users\hugo\AppData\Local\Temp\cckjwm5m.s:2796   .debug_str:000000000000093e .LASF167
C:\Users\hugo\AppData\Local\Temp\cckjwm5m.s:2636   .debug_str:0000000000000577 .LASF168
C:\Users\hugo\AppData\Local\Temp\cckjwm5m.s:2568   .debug_str:000000000000042a .LASF169
C:\Users\hugo\AppData\Local\Temp\cckjwm5m.s:2800   .debug_str:0000000000000960 .LASF170
C:\Users\hugo\AppData\Local\Temp\cckjwm5m.s:2686   .debug_str:000000000000068f .LASF171
C:\Users\hugo\AppData\Local\Temp\cckjwm5m.s:2806   .debug_str:0000000000000979 .LASF172
C:\Users\hugo\AppData\Local\Temp\cckjwm5m.s:2454   .debug_str:000000000000018d .LASF173
C:\Users\hugo\AppData\Local\Temp\cckjwm5m.s:2780   .debug_str:00000000000008eb .LASF174
C:\Users\hugo\AppData\Local\Temp\cckjwm5m.s:2572   .debug_str:0000000000000442 .LASF175
C:\Users\hugo\AppData\Local\Temp\cckjwm5m.s:2758   .debug_str:000000000000086e .LASF176
C:\Users\hugo\AppData\Local\Temp\cckjwm5m.s:2522   .debug_str:0000000000000321 .LASF177
C:\Users\hugo\AppData\Local\Temp\cckjwm5m.s:2446   .debug_str:0000000000000146 .LASF178
C:\Users\hugo\AppData\Local\Temp\cckjwm5m.s:2542   .debug_str:000000000000038f .LASF179
C:\Users\hugo\AppData\Local\Temp\cckjwm5m.s:2428   .debug_str:00000000000000c4 .LASF180
C:\Users\hugo\AppData\Local\Temp\cckjwm5m.s:2430   .debug_str:00000000000000d3 .LASF181
C:\Users\hugo\AppData\Local\Temp\cckjwm5m.s:2666   .debug_str:000000000000062e .LASF182
C:\Users\hugo\AppData\Local\Temp\cckjwm5m.s:2622   .debug_str:000000000000052a .LASF183
C:\Users\hugo\AppData\Local\Temp\cckjwm5m.s:2610   .debug_str:00000000000004ec .LASF184
C:\Users\hugo\AppData\Local\Temp\cckjwm5m.s:2790   .debug_str:0000000000000922 .LASF185
C:\Users\hugo\AppData\Local\Temp\cckjwm5m.s:2442   .debug_str:0000000000000130 .LASF203
C:\Users\hugo\AppData\Local\Temp\cckjwm5m.s:2534   .debug_str:0000000000000369 .LASF187
C:\Users\hugo\AppData\Local\Temp\cckjwm5m.s:2760   .debug_str:000000000000087b .LASF188
C:\Users\hugo\AppData\Local\Temp\cckjwm5m.s:2588   .debug_str:0000000000000492 .LASF189
C:\Users\hugo\AppData\Local\Temp\cckjwm5m.s:2614   .debug_str:0000000000000508 .LASF190
C:\Users\hugo\AppData\Local\Temp\cckjwm5m.s:2618   .debug_str:0000000000000517 .LASF191
C:\Users\hugo\AppData\Local\Temp\cckjwm5m.s:2598   .debug_str:00000000000004b7 .LASF192
C:\Users\hugo\AppData\Local\Temp\cckjwm5m.s:2802   .debug_str:0000000000000965 .LASF193
GAS LISTING C:\Users\hugo\AppData\Local\Temp\cckjwm5m.s 			page 8


C:\Users\hugo\AppData\Local\Temp\cckjwm5m.s:2602   .debug_str:00000000000004cd .LASF194
C:\Users\hugo\AppData\Local\Temp\cckjwm5m.s:2652   .debug_str:00000000000005e6 .LASF204
C:\Users\hugo\AppData\Local\Temp\cckjwm5m.s:53     .text._fini:0000000000000000 .LFB6
C:\Users\hugo\AppData\Local\Temp\cckjwm5m.s:59     .text._fini:0000000000000002 .LFE6
C:\Users\hugo\AppData\Local\Temp\cckjwm5m.s:2716   .debug_str:0000000000000720 .LASF205
C:\Users\hugo\AppData\Local\Temp\cckjwm5m.s:14     .text._init:0000000000000000 .LFB5
C:\Users\hugo\AppData\Local\Temp\cckjwm5m.s:46     .text._init:000000000000002c .LFE5
C:\Users\hugo\AppData\Local\Temp\cckjwm5m.s:2363   .debug_loc:0000000000000000 .LLST0
C:\Users\hugo\AppData\Local\Temp\cckjwm5m.s:27     .text._init:000000000000000c .LVL0
C:\Users\hugo\AppData\Local\Temp\cckjwm5m.s:31     .text._init:0000000000000018 .LVL1
C:\Users\hugo\AppData\Local\Temp\cckjwm5m.s:34     .text._init:0000000000000020 .LVL2
C:\Users\hugo\AppData\Local\Temp\cckjwm5m.s:44     .text._init:000000000000002c .LVL3
C:\Users\hugo\AppData\Local\Temp\cckjwm5m.s:2654   .debug_str:00000000000005ec .LASF195
C:\Users\hugo\AppData\Local\Temp\cckjwm5m.s:2438   .debug_str:0000000000000112 .LASF196
C:\Users\hugo\AppData\Local\Temp\cckjwm5m.s:2486   .debug_str:000000000000024f .LASF197
C:\Users\hugo\AppData\Local\Temp\cckjwm5m.s:2452   .debug_str:0000000000000175 .LASF198
C:\Users\hugo\AppData\Local\Temp\cckjwm5m.s:21     .text._init:0000000000000002 .LCFI0
C:\Users\hugo\AppData\Local\Temp\cckjwm5m.s:40     .text._init:0000000000000024 .LCFI1
C:\Users\hugo\AppData\Local\Temp\cckjwm5m.s:74     .debug_info:0000000000000000 .Ldebug_info0

UNDEFINED SYMBOLS
SystemInit
eclic_init
eclic_mode_enable
disable_mcycle_minstret
