GAS LISTING C:\Users\hugo\AppData\Local\Temp\ccAInmbX.s 			page 1


   1              		.file	"lseek.c"
   2              		.option nopic
   3              		.attribute arch, "rv32i2p0_m2p0_a2p0_c2p0"
   4              		.attribute unaligned_access, 0
   5              		.attribute stack_align, 16
   6              		.text
   7              	.Ltext0:
   8              		.cfi_sections	.debug_frame
   9              		.section	.text._lseek,"ax",@progbits
  10              		.align	1
  11              		.globl	_lseek
  13              	_lseek:
  14              	.LFB1:
  15              		.file 1 "./../../firmware/RISCV/stubs/lseek.c"
   1:./../../firmware/RISCV/stubs/lseek.c **** /* See LICENSE of license details. */
   2:./../../firmware/RISCV/stubs/lseek.c **** 
   3:./../../firmware/RISCV/stubs/lseek.c **** #include <errno.h>
   4:./../../firmware/RISCV/stubs/lseek.c **** #include <unistd.h>
   5:./../../firmware/RISCV/stubs/lseek.c **** #include <sys/types.h>
   6:./../../firmware/RISCV/stubs/lseek.c **** #include "stub.h"
   7:./../../firmware/RISCV/stubs/lseek.c **** 
   8:./../../firmware/RISCV/stubs/lseek.c **** off_t _lseek(int fd, off_t ptr, int dir)
   9:./../../firmware/RISCV/stubs/lseek.c **** {
  16              		.loc 1 9 1
  17              		.cfi_startproc
  18              	.LVL0:
  10:./../../firmware/RISCV/stubs/lseek.c ****   if (isatty(fd))
  19              		.loc 1 10 3
   9:./../../firmware/RISCV/stubs/lseek.c ****   if (isatty(fd))
  20              		.loc 1 9 1 is_stmt 0
  21 0000 4111     		addi	sp,sp,-16
  22              	.LCFI0:
  23              		.cfi_def_cfa_offset 16
  24 0002 06C6     		sw	ra,12(sp)
  25              		.cfi_offset 1, -4
  26              		.loc 1 10 7
  27 0004 97000000 		call	isatty
  27      E7800000 
  28              	.LVL1:
  11:./../../firmware/RISCV/stubs/lseek.c ****     return 0;
  12:./../../firmware/RISCV/stubs/lseek.c **** 
  13:./../../firmware/RISCV/stubs/lseek.c ****   return _stub(EBADF);
  14:./../../firmware/RISCV/stubs/lseek.c **** }
  29              		.loc 1 14 1
  30 000c B240     		lw	ra,12(sp)
  31              		.cfi_restore 1
  10:./../../firmware/RISCV/stubs/lseek.c ****     return 0;
  32              		.loc 1 10 6
  33 000e 13351500 		seqz	a0,a0
  34              		.loc 1 14 1
  35 0012 3305A040 		neg	a0,a0
  36 0016 4101     		addi	sp,sp,16
  37              	.LCFI1:
  38              		.cfi_def_cfa_offset 0
  39 0018 8280     		jr	ra
  40              		.cfi_endproc
  41              	.LFE1:
GAS LISTING C:\Users\hugo\AppData\Local\Temp\ccAInmbX.s 			page 2


  43              		.text
  44              	.Letext0:
  45              		.file 2 "c:\\users\\hugo\\kth\\mikrodatorteknik\\toolchain-gd32v-v202-win\\compiler\\lib\\gcc\\ris
  46              		.file 3 "c:\\users\\hugo\\kth\\mikrodatorteknik\\toolchain-gd32v-v202-win\\compiler\\riscv64-unkno
  47              		.file 4 "c:\\users\\hugo\\kth\\mikrodatorteknik\\toolchain-gd32v-v202-win\\compiler\\riscv64-unkno
  48              		.file 5 "c:\\users\\hugo\\kth\\mikrodatorteknik\\toolchain-gd32v-v202-win\\compiler\\riscv64-unkno
  49              		.file 6 "c:\\users\\hugo\\kth\\mikrodatorteknik\\toolchain-gd32v-v202-win\\compiler\\riscv64-unkno
  50              		.file 7 "c:\\users\\hugo\\kth\\mikrodatorteknik\\toolchain-gd32v-v202-win\\compiler\\riscv64-unkno
  51              		.file 8 "c:\\users\\hugo\\kth\\mikrodatorteknik\\toolchain-gd32v-v202-win\\compiler\\riscv64-unkno
  52              		.file 9 "./../../firmware/RISCV/stubs/stub.h"
GAS LISTING C:\Users\hugo\AppData\Local\Temp\ccAInmbX.s 			page 3


DEFINED SYMBOLS
                            *ABS*:0000000000000000 lseek.c
C:\Users\hugo\AppData\Local\Temp\ccAInmbX.s:13     .text._lseek:0000000000000000 _lseek
C:\Users\hugo\AppData\Local\Temp\ccAInmbX.s:17     .text._lseek:0000000000000000 .L0 
C:\Users\hugo\AppData\Local\Temp\ccAInmbX.s:19     .text._lseek:0000000000000000 .L0 
C:\Users\hugo\AppData\Local\Temp\ccAInmbX.s:20     .text._lseek:0000000000000000 .L0 
C:\Users\hugo\AppData\Local\Temp\ccAInmbX.s:21     .text._lseek:0000000000000000 .L0 
C:\Users\hugo\AppData\Local\Temp\ccAInmbX.s:23     .text._lseek:0000000000000002 .L0 
C:\Users\hugo\AppData\Local\Temp\ccAInmbX.s:25     .text._lseek:0000000000000004 .L0 
C:\Users\hugo\AppData\Local\Temp\ccAInmbX.s:27     .text._lseek:0000000000000004 .L0 
C:\Users\hugo\AppData\Local\Temp\ccAInmbX.s:30     .text._lseek:000000000000000c .L0 
C:\Users\hugo\AppData\Local\Temp\ccAInmbX.s:31     .text._lseek:000000000000000e .L0 
C:\Users\hugo\AppData\Local\Temp\ccAInmbX.s:33     .text._lseek:000000000000000e .L0 
C:\Users\hugo\AppData\Local\Temp\ccAInmbX.s:35     .text._lseek:0000000000000012 .L0 
C:\Users\hugo\AppData\Local\Temp\ccAInmbX.s:38     .text._lseek:0000000000000018 .L0 
C:\Users\hugo\AppData\Local\Temp\ccAInmbX.s:40     .text._lseek:000000000000001a .L0 
C:\Users\hugo\AppData\Local\Temp\ccAInmbX.s:43     .text._lseek:000000000000001a .L0 
                     .debug_frame:0000000000000000 .L0 
C:\Users\hugo\AppData\Local\Temp\ccAInmbX.s:1600   .debug_abbrev:0000000000000000 .Ldebug_abbrev0
C:\Users\hugo\AppData\Local\Temp\ccAInmbX.s:2441   .debug_str:0000000000000489 .LASF130
C:\Users\hugo\AppData\Local\Temp\ccAInmbX.s:2321   .debug_str:000000000000024f .LASF131
C:\Users\hugo\AppData\Local\Temp\ccAInmbX.s:2311   .debug_str:00000000000001dc .LASF132
C:\Users\hugo\AppData\Local\Temp\ccAInmbX.s:2205   .debug_ranges:0000000000000000 .Ldebug_ranges0
C:\Users\hugo\AppData\Local\Temp\ccAInmbX.s:2211   .debug_line:0000000000000000 .Ldebug_line0
C:\Users\hugo\AppData\Local\Temp\ccAInmbX.s:2305   .debug_str:00000000000001c0 .LASF0
C:\Users\hugo\AppData\Local\Temp\ccAInmbX.s:2323   .debug_str:0000000000000274 .LASF1
C:\Users\hugo\AppData\Local\Temp\ccAInmbX.s:2247   .debug_str:00000000000000b9 .LASF2
C:\Users\hugo\AppData\Local\Temp\ccAInmbX.s:2353   .debug_str:00000000000002fe .LASF3
C:\Users\hugo\AppData\Local\Temp\ccAInmbX.s:2337   .debug_str:00000000000002bf .LASF10
C:\Users\hugo\AppData\Local\Temp\ccAInmbX.s:2249   .debug_str:00000000000000c7 .LASF4
C:\Users\hugo\AppData\Local\Temp\ccAInmbX.s:2373   .debug_str:000000000000035e .LASF5
C:\Users\hugo\AppData\Local\Temp\ccAInmbX.s:2379   .debug_str:000000000000037a .LASF6
C:\Users\hugo\AppData\Local\Temp\ccAInmbX.s:2265   .debug_str:000000000000010c .LASF7
C:\Users\hugo\AppData\Local\Temp\ccAInmbX.s:2313   .debug_str:000000000000022a .LASF8
C:\Users\hugo\AppData\Local\Temp\ccAInmbX.s:2233   .debug_str:0000000000000062 .LASF9
C:\Users\hugo\AppData\Local\Temp\ccAInmbX.s:2367   .debug_str:000000000000033b .LASF11
C:\Users\hugo\AppData\Local\Temp\ccAInmbX.s:2215   .debug_str:000000000000000c .LASF12
C:\Users\hugo\AppData\Local\Temp\ccAInmbX.s:2425   .debug_str:000000000000044c .LASF13
C:\Users\hugo\AppData\Local\Temp\ccAInmbX.s:2461   .debug_str:0000000000000569 .LASF14
C:\Users\hugo\AppData\Local\Temp\ccAInmbX.s:2333   .debug_str:00000000000002b1 .LASF15
C:\Users\hugo\AppData\Local\Temp\ccAInmbX.s:2307   .debug_str:00000000000001cd .LASF16
C:\Users\hugo\AppData\Local\Temp\ccAInmbX.s:2417   .debug_str:000000000000042a .LASF17
C:\Users\hugo\AppData\Local\Temp\ccAInmbX.s:2419   .debug_str:0000000000000432 .LASF18
C:\Users\hugo\AppData\Local\Temp\ccAInmbX.s:2389   .debug_str:00000000000003a2 .LASF19
C:\Users\hugo\AppData\Local\Temp\ccAInmbX.s:2447   .debug_str:000000000000051f .LASF20
C:\Users\hugo\AppData\Local\Temp\ccAInmbX.s:2371   .debug_str:000000000000034c .LASF21
C:\Users\hugo\AppData\Local\Temp\ccAInmbX.s:2291   .debug_str:0000000000000183 .LASF22
C:\Users\hugo\AppData\Local\Temp\ccAInmbX.s:2295   .debug_str:0000000000000194 .LASF27
C:\Users\hugo\AppData\Local\Temp\ccAInmbX.s:2437   .debug_str:0000000000000476 .LASF23
C:\Users\hugo\AppData\Local\Temp\ccAInmbX.s:2411   .debug_str:0000000000000415 .LASF24
C:\Users\hugo\AppData\Local\Temp\ccAInmbX.s:2289   .debug_str:000000000000017d .LASF25
C:\Users\hugo\AppData\Local\Temp\ccAInmbX.s:2455   .debug_str:0000000000000554 .LASF26
C:\Users\hugo\AppData\Local\Temp\ccAInmbX.s:2303   .debug_str:00000000000001bb .LASF28
C:\Users\hugo\AppData\Local\Temp\ccAInmbX.s:2245   .debug_str:00000000000000b0 .LASF29
C:\Users\hugo\AppData\Local\Temp\ccAInmbX.s:2431   .debug_str:0000000000000460 .LASF30
C:\Users\hugo\AppData\Local\Temp\ccAInmbX.s:2255   .debug_str:00000000000000df .LASF31
C:\Users\hugo\AppData\Local\Temp\ccAInmbX.s:2485   .debug_str:00000000000005d4 .LASF32
GAS LISTING C:\Users\hugo\AppData\Local\Temp\ccAInmbX.s 			page 4


C:\Users\hugo\AppData\Local\Temp\ccAInmbX.s:2359   .debug_str:0000000000000318 .LASF33
C:\Users\hugo\AppData\Local\Temp\ccAInmbX.s:2347   .debug_str:00000000000002e4 .LASF34
C:\Users\hugo\AppData\Local\Temp\ccAInmbX.s:2457   .debug_str:0000000000000559 .LASF35
C:\Users\hugo\AppData\Local\Temp\ccAInmbX.s:2381   .debug_str:0000000000000384 .LASF36
C:\Users\hugo\AppData\Local\Temp\ccAInmbX.s:2471   .debug_str:0000000000000594 .LASF37
C:\Users\hugo\AppData\Local\Temp\ccAInmbX.s:2259   .debug_str:00000000000000ee .LASF38
C:\Users\hugo\AppData\Local\Temp\ccAInmbX.s:2285   .debug_str:0000000000000170 .LASF39
C:\Users\hugo\AppData\Local\Temp\ccAInmbX.s:2213   .debug_str:0000000000000000 .LASF40
C:\Users\hugo\AppData\Local\Temp\ccAInmbX.s:2443   .debug_str:0000000000000511 .LASF41
C:\Users\hugo\AppData\Local\Temp\ccAInmbX.s:2269   .debug_str:000000000000011c .LASF42
C:\Users\hugo\AppData\Local\Temp\ccAInmbX.s:2361   .debug_str:0000000000000321 .LASF43
C:\Users\hugo\AppData\Local\Temp\ccAInmbX.s:2403   .debug_str:00000000000003e5 .LASF44
C:\Users\hugo\AppData\Local\Temp\ccAInmbX.s:2287   .debug_str:0000000000000178 .LASF45
C:\Users\hugo\AppData\Local\Temp\ccAInmbX.s:2383   .debug_str:000000000000038e .LASF46
C:\Users\hugo\AppData\Local\Temp\ccAInmbX.s:2253   .debug_str:00000000000000d9 .LASF47
C:\Users\hugo\AppData\Local\Temp\ccAInmbX.s:2219   .debug_str:000000000000001b .LASF48
C:\Users\hugo\AppData\Local\Temp\ccAInmbX.s:2391   .debug_str:00000000000003ad .LASF49
C:\Users\hugo\AppData\Local\Temp\ccAInmbX.s:2267   .debug_str:0000000000000115 .LASF50
C:\Users\hugo\AppData\Local\Temp\ccAInmbX.s:2315   .debug_str:000000000000023c .LASF51
C:\Users\hugo\AppData\Local\Temp\ccAInmbX.s:2235   .debug_str:0000000000000079 .LASF52
C:\Users\hugo\AppData\Local\Temp\ccAInmbX.s:2261   .debug_str:00000000000000fc .LASF53
C:\Users\hugo\AppData\Local\Temp\ccAInmbX.s:2299   .debug_str:00000000000001ab .LASF54
C:\Users\hugo\AppData\Local\Temp\ccAInmbX.s:2345   .debug_str:00000000000002dd .LASF55
C:\Users\hugo\AppData\Local\Temp\ccAInmbX.s:2421   .debug_str:000000000000043a .LASF56
C:\Users\hugo\AppData\Local\Temp\ccAInmbX.s:2475   .debug_str:00000000000005ae .LASF57
C:\Users\hugo\AppData\Local\Temp\ccAInmbX.s:2251   .debug_str:00000000000000d3 .LASF58
C:\Users\hugo\AppData\Local\Temp\ccAInmbX.s:2467   .debug_str:0000000000000586 .LASF59
C:\Users\hugo\AppData\Local\Temp\ccAInmbX.s:2273   .debug_str:000000000000012b .LASF60
C:\Users\hugo\AppData\Local\Temp\ccAInmbX.s:2279   .debug_str:0000000000000149 .LASF61
C:\Users\hugo\AppData\Local\Temp\ccAInmbX.s:2227   .debug_str:000000000000003c .LASF62
C:\Users\hugo\AppData\Local\Temp\ccAInmbX.s:2339   .debug_str:00000000000002c6 .LASF63
C:\Users\hugo\AppData\Local\Temp\ccAInmbX.s:2395   .debug_str:00000000000003bf .LASF64
C:\Users\hugo\AppData\Local\Temp\ccAInmbX.s:2341   .debug_str:00000000000002cc .LASF65
C:\Users\hugo\AppData\Local\Temp\ccAInmbX.s:2413   .debug_str:000000000000041d .LASF66
C:\Users\hugo\AppData\Local\Temp\ccAInmbX.s:2427   .debug_str:0000000000000454 .LASF67
C:\Users\hugo\AppData\Local\Temp\ccAInmbX.s:2271   .debug_str:0000000000000124 .LASF68
C:\Users\hugo\AppData\Local\Temp\ccAInmbX.s:2309   .debug_str:00000000000001d4 .LASF69
C:\Users\hugo\AppData\Local\Temp\ccAInmbX.s:2293   .debug_str:000000000000018c .LASF70
C:\Users\hugo\AppData\Local\Temp\ccAInmbX.s:2401   .debug_str:00000000000003e0 .LASF71
C:\Users\hugo\AppData\Local\Temp\ccAInmbX.s:2223   .debug_str:0000000000000029 .LASF72
C:\Users\hugo\AppData\Local\Temp\ccAInmbX.s:2409   .debug_str:00000000000003fc .LASF73
C:\Users\hugo\AppData\Local\Temp\ccAInmbX.s:2405   .debug_str:00000000000003ea .LASF74
C:\Users\hugo\AppData\Local\Temp\ccAInmbX.s:2365   .debug_str:0000000000000330 .LASF75
C:\Users\hugo\AppData\Local\Temp\ccAInmbX.s:2407   .debug_str:00000000000003f2 .LASF76
C:\Users\hugo\AppData\Local\Temp\ccAInmbX.s:2331   .debug_str:00000000000002a9 .LASF77
C:\Users\hugo\AppData\Local\Temp\ccAInmbX.s:2301   .debug_str:00000000000001b1 .LASF78
C:\Users\hugo\AppData\Local\Temp\ccAInmbX.s:2483   .debug_str:00000000000005cf .LASF79
C:\Users\hugo\AppData\Local\Temp\ccAInmbX.s:2369   .debug_str:0000000000000342 .LASF80
C:\Users\hugo\AppData\Local\Temp\ccAInmbX.s:2225   .debug_str:0000000000000034 .LASF81
C:\Users\hugo\AppData\Local\Temp\ccAInmbX.s:2277   .debug_str:0000000000000141 .LASF82
C:\Users\hugo\AppData\Local\Temp\ccAInmbX.s:2375   .debug_str:000000000000036c .LASF83
C:\Users\hugo\AppData\Local\Temp\ccAInmbX.s:2325   .debug_str:0000000000000287 .LASF84
C:\Users\hugo\AppData\Local\Temp\ccAInmbX.s:2465   .debug_str:000000000000057c .LASF85
C:\Users\hugo\AppData\Local\Temp\ccAInmbX.s:2263   .debug_str:0000000000000104 .LASF86
C:\Users\hugo\AppData\Local\Temp\ccAInmbX.s:2257   .debug_str:00000000000000e9 .LASF87
C:\Users\hugo\AppData\Local\Temp\ccAInmbX.s:2429   .debug_str:000000000000045b .LASF88
C:\Users\hugo\AppData\Local\Temp\ccAInmbX.s:2387   .debug_str:000000000000039b .LASF89
GAS LISTING C:\Users\hugo\AppData\Local\Temp\ccAInmbX.s 			page 5


C:\Users\hugo\AppData\Local\Temp\ccAInmbX.s:2459   .debug_str:0000000000000563 .LASF90
C:\Users\hugo\AppData\Local\Temp\ccAInmbX.s:2319   .debug_str:0000000000000248 .LASF91
C:\Users\hugo\AppData\Local\Temp\ccAInmbX.s:2385   .debug_str:0000000000000395 .LASF92
C:\Users\hugo\AppData\Local\Temp\ccAInmbX.s:2221   .debug_str:0000000000000021 .LASF93
C:\Users\hugo\AppData\Local\Temp\ccAInmbX.s:2415   .debug_str:0000000000000424 .LASF94
C:\Users\hugo\AppData\Local\Temp\ccAInmbX.s:2435   .debug_str:0000000000000470 .LASF95
C:\Users\hugo\AppData\Local\Temp\ccAInmbX.s:2445   .debug_str:000000000000051a .LASF96
C:\Users\hugo\AppData\Local\Temp\ccAInmbX.s:2453   .debug_str:0000000000000547 .LASF97
C:\Users\hugo\AppData\Local\Temp\ccAInmbX.s:2439   .debug_str:000000000000047c .LASF98
C:\Users\hugo\AppData\Local\Temp\ccAInmbX.s:2329   .debug_str:000000000000029c .LASF99
C:\Users\hugo\AppData\Local\Temp\ccAInmbX.s:2473   .debug_str:000000000000059f .LASF100
C:\Users\hugo\AppData\Local\Temp\ccAInmbX.s:2297   .debug_str:000000000000019c .LASF101
C:\Users\hugo\AppData\Local\Temp\ccAInmbX.s:2397   .debug_str:00000000000003c8 .LASF102
C:\Users\hugo\AppData\Local\Temp\ccAInmbX.s:2477   .debug_str:00000000000005b5 .LASF103
C:\Users\hugo\AppData\Local\Temp\ccAInmbX.s:2399   .debug_str:00000000000003d3 .LASF104
C:\Users\hugo\AppData\Local\Temp\ccAInmbX.s:2481   .debug_str:00000000000005c1 .LASF105
C:\Users\hugo\AppData\Local\Temp\ccAInmbX.s:2243   .debug_str:00000000000000a2 .LASF106
C:\Users\hugo\AppData\Local\Temp\ccAInmbX.s:2463   .debug_str:0000000000000572 .LASF107
C:\Users\hugo\AppData\Local\Temp\ccAInmbX.s:2327   .debug_str:0000000000000290 .LASF108
C:\Users\hugo\AppData\Local\Temp\ccAInmbX.s:2449   .debug_str:0000000000000527 .LASF109
C:\Users\hugo\AppData\Local\Temp\ccAInmbX.s:2283   .debug_str:0000000000000162 .LASF110
C:\Users\hugo\AppData\Local\Temp\ccAInmbX.s:2241   .debug_str:0000000000000093 .LASF111
C:\Users\hugo\AppData\Local\Temp\ccAInmbX.s:2281   .debug_str:0000000000000151 .LASF112
C:\Users\hugo\AppData\Local\Temp\ccAInmbX.s:2229   .debug_str:0000000000000042 .LASF113
C:\Users\hugo\AppData\Local\Temp\ccAInmbX.s:2231   .debug_str:0000000000000051 .LASF114
C:\Users\hugo\AppData\Local\Temp\ccAInmbX.s:2377   .debug_str:0000000000000371 .LASF115
C:\Users\hugo\AppData\Local\Temp\ccAInmbX.s:2357   .debug_str:0000000000000311 .LASF116
C:\Users\hugo\AppData\Local\Temp\ccAInmbX.s:2349   .debug_str:00000000000002ee .LASF117
C:\Users\hugo\AppData\Local\Temp\ccAInmbX.s:2469   .debug_str:000000000000058c .LASF118
C:\Users\hugo\AppData\Local\Temp\ccAInmbX.s:2237   .debug_str:0000000000000082 .LASF133
C:\Users\hugo\AppData\Local\Temp\ccAInmbX.s:2423   .debug_str:0000000000000440 .LASF119
C:\Users\hugo\AppData\Local\Temp\ccAInmbX.s:2451   .debug_str:0000000000000534 .LASF120
C:\Users\hugo\AppData\Local\Temp\ccAInmbX.s:2275   .debug_str:0000000000000134 .LASF121
C:\Users\hugo\AppData\Local\Temp\ccAInmbX.s:2393   .debug_str:00000000000003b5 .LASF122
C:\Users\hugo\AppData\Local\Temp\ccAInmbX.s:2317   .debug_str:0000000000000242 .LASF123
C:\Users\hugo\AppData\Local\Temp\ccAInmbX.s:2335   .debug_str:00000000000002b7 .LASF124
C:\Users\hugo\AppData\Local\Temp\ccAInmbX.s:2351   .debug_str:00000000000002f7 .LASF125
C:\Users\hugo\AppData\Local\Temp\ccAInmbX.s:2355   .debug_str:000000000000030a .LASF126
C:\Users\hugo\AppData\Local\Temp\ccAInmbX.s:2433   .debug_str:0000000000000469 .LASF127
C:\Users\hugo\AppData\Local\Temp\ccAInmbX.s:2479   .debug_str:00000000000005ba .LASF128
C:\Users\hugo\AppData\Local\Temp\ccAInmbX.s:2343   .debug_str:00000000000002d4 .LASF129
C:\Users\hugo\AppData\Local\Temp\ccAInmbX.s:2363   .debug_str:0000000000000329 .LASF134
C:\Users\hugo\AppData\Local\Temp\ccAInmbX.s:14     .text._lseek:0000000000000000 .LFB1
C:\Users\hugo\AppData\Local\Temp\ccAInmbX.s:41     .text._lseek:000000000000001a .LFE1
C:\Users\hugo\AppData\Local\Temp\ccAInmbX.s:2132   .debug_loc:0000000000000000 .LLST0
C:\Users\hugo\AppData\Local\Temp\ccAInmbX.s:2150   .debug_loc:000000000000002c .LLST1
C:\Users\hugo\AppData\Local\Temp\ccAInmbX.s:2164   .debug_loc:000000000000004d .LLST2
C:\Users\hugo\AppData\Local\Temp\ccAInmbX.s:2178   .debug_loc:000000000000006e .LLST3
C:\Users\hugo\AppData\Local\Temp\ccAInmbX.s:28     .text._lseek:000000000000000c .LVL1
C:\Users\hugo\AppData\Local\Temp\ccAInmbX.s:2239   .debug_str:000000000000008d .LASF135
C:\Users\hugo\AppData\Local\Temp\ccAInmbX.s:2217   .debug_str:0000000000000014 .LASF136
C:\Users\hugo\AppData\Local\Temp\ccAInmbX.s:22     .text._lseek:0000000000000002 .LCFI0
C:\Users\hugo\AppData\Local\Temp\ccAInmbX.s:37     .text._lseek:0000000000000018 .LCFI1
C:\Users\hugo\AppData\Local\Temp\ccAInmbX.s:18     .text._lseek:0000000000000000 .LVL0
C:\Users\hugo\AppData\Local\Temp\ccAInmbX.s:54     .debug_info:0000000000000000 .Ldebug_info0

UNDEFINED SYMBOLS
GAS LISTING C:\Users\hugo\AppData\Local\Temp\ccAInmbX.s 			page 6


isatty
