GAS LISTING C:\Users\hugo\AppData\Local\Temp\cc6T5eTx.s 			page 1


   1              		.file	"main.c"
   2              		.option nopic
   3              		.attribute arch, "rv32i2p0_m2p0_a2p0_c2p0"
   4              		.attribute unaligned_access, 0
   5              		.attribute stack_align, 16
   6              		.text
   7              	.Ltext0:
   8              		.cfi_sections	.debug_frame
   9              		.section	.text.startup.main,"ax",@progbits
  10              		.align	1
  11              		.globl	main
  13              	main:
  14              	.LFB2:
  15              		.file 1 "main.c"
   1:main.c        **** /* 
   2:main.c        **** Replace this file with your code. Put your source files in this directory and any libraries in the 
   3:main.c        **** If your main program should be assembly-language replace this file with main.S instead.
   4:main.c        **** 
   5:main.c        **** Libraries (other than vendor SDK and gcc libraries) must have .h-files in /lib/[library name]/inclu
   6:main.c        **** */
   7:main.c        **** 
   8:main.c        **** #include "gd32vf103.h"
   9:main.c        **** #define BITMASK 0xFFFFFFF8
  10:main.c        **** 
  11:main.c        **** int main(){
  16              		.loc 1 11 11
  17              		.cfi_startproc
  12:main.c        **** 	uint32_t port = 0;
  18              		.loc 1 12 2
  19              	.LVL0:
  13:main.c        **** 	uint32_t count = 0;
  20              		.loc 1 13 2
  14:main.c        **** 	rcu_periph_clock_enable(RCU_GPIOB);
  21              		.loc 1 14 2
  11:main.c        **** 	uint32_t port = 0;
  22              		.loc 1 11 11 is_stmt 0
  23 0000 0111     		addi	sp,sp,-32
  24              	.LCFI0:
  25              		.cfi_def_cfa_offset 32
  26              		.loc 1 14 2
  27 0002 13053060 		li	a0,1539
  11:main.c        **** 	uint32_t port = 0;
  28              		.loc 1 11 11
  29 0006 06CE     		sw	ra,28(sp)
  30 0008 22CC     		sw	s0,24(sp)
  31 000a 26CA     		sw	s1,20(sp)
  32 000c 4AC8     		sw	s2,16(sp)
  33              		.cfi_offset 1, -4
  34              		.cfi_offset 8, -8
  35              		.cfi_offset 9, -12
  36              		.cfi_offset 18, -16
  15:main.c        **** 	gpio_init(GPIOB, GPIO_MODE_OUT_PP, GPIO_OSPEED_50MHZ, GPIO_PIN_0 | GPIO_PIN_1 | GPIO_PIN_2);
  37              		.loc 1 15 2
  38 000e 37140140 		li	s0,1073811456
  14:main.c        **** 	rcu_periph_clock_enable(RCU_GPIOB);
  39              		.loc 1 14 2
  40 0012 97000000 		call	rcu_periph_clock_enable
GAS LISTING C:\Users\hugo\AppData\Local\Temp\cc6T5eTx.s 			page 2


  40      E7800000 
  41              	.LVL1:
  42              		.loc 1 15 2 is_stmt 1
  43 001a 130504C0 		addi	a0,s0,-1024
  44 001e 9D46     		li	a3,7
  45 0020 0D46     		li	a2,3
  46 0022 C145     		li	a1,16
  47              	.LBB2:
  16:main.c        **** 	while(1){
  17:main.c        **** 		count += 1;
  18:main.c        **** 		port = gpio_input_port_get(GPIOB);
  19:main.c        **** 		gpio_port_write(GPIOB, (port & BITMASK) | (count & (~BITMASK)));
  20:main.c        **** 		for(volatile int i = 0; i < 1000000; i++);
  48              		.loc 1 20 3 is_stmt 0
  49 0024 37490F00 		li	s2,999424
  50              	.LBE2:
  15:main.c        **** 	gpio_init(GPIOB, GPIO_MODE_OUT_PP, GPIO_OSPEED_50MHZ, GPIO_PIN_0 | GPIO_PIN_1 | GPIO_PIN_2);
  51              		.loc 1 15 2
  52 0028 97000000 		call	gpio_init
  52      E7800000 
  53              	.LVL2:
  13:main.c        **** 	rcu_periph_clock_enable(RCU_GPIOB);
  54              		.loc 1 13 11
  55 0030 8144     		li	s1,0
  18:main.c        **** 		gpio_port_write(GPIOB, (port & BITMASK) | (count & (~BITMASK)));
  56              		.loc 1 18 10
  57 0032 130404C0 		addi	s0,s0,-1024
  58              	.LBB3:
  59              		.loc 1 20 3
  60 0036 1309F923 		addi	s2,s2,575
  61              	.LVL3:
  62              	.L4:
  63              	.LBE3:
  16:main.c        **** 	while(1){
  64              		.loc 1 16 2 is_stmt 1
  17:main.c        **** 		port = gpio_input_port_get(GPIOB);
  65              		.loc 1 17 3
  18:main.c        **** 		gpio_port_write(GPIOB, (port & BITMASK) | (count & (~BITMASK)));
  66              		.loc 1 18 10 is_stmt 0
  67 003a 2285     		mv	a0,s0
  68 003c 97000000 		call	gpio_input_port_get
  68      E7800000 
  69              	.LVL4:
  17:main.c        **** 		port = gpio_input_port_get(GPIOB);
  70              		.loc 1 17 9
  71 0044 8504     		addi	s1,s1,1
  72              	.LVL5:
  18:main.c        **** 		gpio_port_write(GPIOB, (port & BITMASK) | (count & (~BITMASK)));
  73              		.loc 1 18 3 is_stmt 1
  19:main.c        **** 		for(volatile int i = 0; i < 1000000; i++);
  74              		.loc 1 19 3
  19:main.c        **** 		for(volatile int i = 0; i < 1000000; i++);
  75              		.loc 1 19 32 is_stmt 0
  76 0046 6199     		andi	a0,a0,-8
  77              	.LVL6:
  19:main.c        **** 		for(volatile int i = 0; i < 1000000; i++);
  78              		.loc 1 19 52
GAS LISTING C:\Users\hugo\AppData\Local\Temp\cc6T5eTx.s 			page 3


  79 0048 93F57400 		andi	a1,s1,7
  19:main.c        **** 		for(volatile int i = 0; i < 1000000; i++);
  80              		.loc 1 19 3
  81 004c C98D     		or	a1,a0,a1
  82 004e C205     		slli	a1,a1,16
  83 0050 C181     		srli	a1,a1,16
  84 0052 2285     		mv	a0,s0
  85 0054 97000000 		call	gpio_port_write
  85      E7800000 
  86              	.LVL7:
  87              		.loc 1 20 3 is_stmt 1
  88              	.LBB4:
  89              		.loc 1 20 7
  90              		.loc 1 20 20 is_stmt 0
  91 005c 02C6     		sw	zero,12(sp)
  92              	.L2:
  93              		.loc 1 20 29 discriminator 1
  94 005e B247     		lw	a5,12(sp)
  95              		.loc 1 20 3 discriminator 1
  96 0060 E34DF9FC 		bgt	a5,s2,.L4
  97              		.loc 1 20 44 is_stmt 1 discriminator 3
  98              		.loc 1 20 41 is_stmt 0 discriminator 3
  99 0064 B247     		lw	a5,12(sp)
 100 0066 8507     		addi	a5,a5,1
 101 0068 3EC6     		sw	a5,12(sp)
 102 006a D5BF     		j	.L2
 103              	.LBE4:
 104              		.cfi_endproc
 105              	.LFE2:
 107              		.text
 108              	.Letext0:
 109              		.file 2 "c:\\users\\hugo\\kth\\mikrodatorteknik\\toolchain-gd32v-v202-win\\compiler\\riscv64-unkno
 110              		.file 3 "c:\\users\\hugo\\kth\\mikrodatorteknik\\toolchain-gd32v-v202-win\\compiler\\riscv64-unkno
 111              		.file 4 "./../../firmware/GD32VF103_standard_peripheral/Include/gd32vf103_rcu.h"
 112              		.file 5 "./../../firmware/GD32VF103_standard_peripheral/Include/gd32vf103_gpio.h"
 113              		.file 6 "./../../firmware/GD32VF103_standard_peripheral/system_gd32vf103.h"
GAS LISTING C:\Users\hugo\AppData\Local\Temp\cc6T5eTx.s 			page 4


DEFINED SYMBOLS
                            *ABS*:0000000000000000 main.c
C:\Users\hugo\AppData\Local\Temp\cc6T5eTx.s:13     .text.startup.main:0000000000000000 main
C:\Users\hugo\AppData\Local\Temp\cc6T5eTx.s:17     .text.startup.main:0000000000000000 .L0 
C:\Users\hugo\AppData\Local\Temp\cc6T5eTx.s:18     .text.startup.main:0000000000000000 .L0 
C:\Users\hugo\AppData\Local\Temp\cc6T5eTx.s:20     .text.startup.main:0000000000000000 .L0 
C:\Users\hugo\AppData\Local\Temp\cc6T5eTx.s:21     .text.startup.main:0000000000000000 .L0 
C:\Users\hugo\AppData\Local\Temp\cc6T5eTx.s:22     .text.startup.main:0000000000000000 .L0 
C:\Users\hugo\AppData\Local\Temp\cc6T5eTx.s:23     .text.startup.main:0000000000000000 .L0 
C:\Users\hugo\AppData\Local\Temp\cc6T5eTx.s:25     .text.startup.main:0000000000000002 .L0 
C:\Users\hugo\AppData\Local\Temp\cc6T5eTx.s:27     .text.startup.main:0000000000000002 .L0 
C:\Users\hugo\AppData\Local\Temp\cc6T5eTx.s:29     .text.startup.main:0000000000000006 .L0 
C:\Users\hugo\AppData\Local\Temp\cc6T5eTx.s:33     .text.startup.main:000000000000000e .L0 
C:\Users\hugo\AppData\Local\Temp\cc6T5eTx.s:34     .text.startup.main:000000000000000e .L0 
C:\Users\hugo\AppData\Local\Temp\cc6T5eTx.s:35     .text.startup.main:000000000000000e .L0 
C:\Users\hugo\AppData\Local\Temp\cc6T5eTx.s:36     .text.startup.main:000000000000000e .L0 
C:\Users\hugo\AppData\Local\Temp\cc6T5eTx.s:38     .text.startup.main:000000000000000e .L0 
C:\Users\hugo\AppData\Local\Temp\cc6T5eTx.s:40     .text.startup.main:0000000000000012 .L0 
C:\Users\hugo\AppData\Local\Temp\cc6T5eTx.s:43     .text.startup.main:000000000000001a .L0 
C:\Users\hugo\AppData\Local\Temp\cc6T5eTx.s:49     .text.startup.main:0000000000000024 .L0 
C:\Users\hugo\AppData\Local\Temp\cc6T5eTx.s:52     .text.startup.main:0000000000000028 .L0 
C:\Users\hugo\AppData\Local\Temp\cc6T5eTx.s:55     .text.startup.main:0000000000000030 .L0 
C:\Users\hugo\AppData\Local\Temp\cc6T5eTx.s:57     .text.startup.main:0000000000000032 .L0 
C:\Users\hugo\AppData\Local\Temp\cc6T5eTx.s:60     .text.startup.main:0000000000000036 .L0 
C:\Users\hugo\AppData\Local\Temp\cc6T5eTx.s:65     .text.startup.main:000000000000003a .L0 
C:\Users\hugo\AppData\Local\Temp\cc6T5eTx.s:66     .text.startup.main:000000000000003a .L0 
C:\Users\hugo\AppData\Local\Temp\cc6T5eTx.s:67     .text.startup.main:000000000000003a .L0 
C:\Users\hugo\AppData\Local\Temp\cc6T5eTx.s:71     .text.startup.main:0000000000000044 .L0 
C:\Users\hugo\AppData\Local\Temp\cc6T5eTx.s:74     .text.startup.main:0000000000000046 .L0 
C:\Users\hugo\AppData\Local\Temp\cc6T5eTx.s:75     .text.startup.main:0000000000000046 .L0 
C:\Users\hugo\AppData\Local\Temp\cc6T5eTx.s:76     .text.startup.main:0000000000000046 .L0 
C:\Users\hugo\AppData\Local\Temp\cc6T5eTx.s:79     .text.startup.main:0000000000000048 .L0 
C:\Users\hugo\AppData\Local\Temp\cc6T5eTx.s:81     .text.startup.main:000000000000004c .L0 
C:\Users\hugo\AppData\Local\Temp\cc6T5eTx.s:89     .text.startup.main:000000000000005c .L0 
C:\Users\hugo\AppData\Local\Temp\cc6T5eTx.s:90     .text.startup.main:000000000000005c .L0 
C:\Users\hugo\AppData\Local\Temp\cc6T5eTx.s:91     .text.startup.main:000000000000005c .L0 
C:\Users\hugo\AppData\Local\Temp\cc6T5eTx.s:94     .text.startup.main:000000000000005e .L0 
C:\Users\hugo\AppData\Local\Temp\cc6T5eTx.s:96     .text.startup.main:0000000000000060 .L0 
C:\Users\hugo\AppData\Local\Temp\cc6T5eTx.s:98     .text.startup.main:0000000000000064 .L0 
C:\Users\hugo\AppData\Local\Temp\cc6T5eTx.s:99     .text.startup.main:0000000000000064 .L0 
C:\Users\hugo\AppData\Local\Temp\cc6T5eTx.s:104    .text.startup.main:000000000000006c .L0 
C:\Users\hugo\AppData\Local\Temp\cc6T5eTx.s:107    .text.startup.main:000000000000006c .L0 
                     .debug_frame:0000000000000000 .L0 
C:\Users\hugo\AppData\Local\Temp\cc6T5eTx.s:62     .text.startup.main:000000000000003a .L4
C:\Users\hugo\AppData\Local\Temp\cc6T5eTx.s:92     .text.startup.main:000000000000005e .L2
C:\Users\hugo\AppData\Local\Temp\cc6T5eTx.s:459    .debug_abbrev:0000000000000000 .Ldebug_abbrev0
C:\Users\hugo\AppData\Local\Temp\cc6T5eTx.s:764    .debug_str:0000000000000000 .LASF57
C:\Users\hugo\AppData\Local\Temp\cc6T5eTx.s:860    .debug_str:00000000000002ca .LASF58
C:\Users\hugo\AppData\Local\Temp\cc6T5eTx.s:798    .debug_str:0000000000000125 .LASF59
C:\Users\hugo\AppData\Local\Temp\cc6T5eTx.s:748    .debug_ranges:0000000000000000 .Ldebug_ranges0
C:\Users\hugo\AppData\Local\Temp\cc6T5eTx.s:762    .debug_line:0000000000000000 .Ldebug_line0
C:\Users\hugo\AppData\Local\Temp\cc6T5eTx.s:840    .debug_str:000000000000025d .LASF0
C:\Users\hugo\AppData\Local\Temp\cc6T5eTx.s:834    .debug_str:0000000000000231 .LASF1
C:\Users\hugo\AppData\Local\Temp\cc6T5eTx.s:886    .debug_str:0000000000000353 .LASF6
C:\Users\hugo\AppData\Local\Temp\cc6T5eTx.s:824    .debug_str:00000000000001f0 .LASF2
C:\Users\hugo\AppData\Local\Temp\cc6T5eTx.s:788    .debug_str:00000000000000f7 .LASF3
C:\Users\hugo\AppData\Local\Temp\cc6T5eTx.s:844    .debug_str:0000000000000272 .LASF4
GAS LISTING C:\Users\hugo\AppData\Local\Temp\cc6T5eTx.s 			page 5


C:\Users\hugo\AppData\Local\Temp\cc6T5eTx.s:800    .debug_str:0000000000000173 .LASF5
C:\Users\hugo\AppData\Local\Temp\cc6T5eTx.s:784    .debug_str:00000000000000e4 .LASF7
C:\Users\hugo\AppData\Local\Temp\cc6T5eTx.s:862    .debug_str:00000000000002d1 .LASF8
C:\Users\hugo\AppData\Local\Temp\cc6T5eTx.s:782    .debug_str:00000000000000d6 .LASF9
C:\Users\hugo\AppData\Local\Temp\cc6T5eTx.s:836    .debug_str:000000000000023d .LASF10
C:\Users\hugo\AppData\Local\Temp\cc6T5eTx.s:790    .debug_str:0000000000000101 .LASF11
C:\Users\hugo\AppData\Local\Temp\cc6T5eTx.s:838    .debug_str:0000000000000254 .LASF12
C:\Users\hugo\AppData\Local\Temp\cc6T5eTx.s:766    .debug_str:0000000000000088 .LASF60
C:\Users\hugo\AppData\Local\Temp\cc6T5eTx.s:850    .debug_str:0000000000000297 .LASF13
C:\Users\hugo\AppData\Local\Temp\cc6T5eTx.s:852    .debug_str:00000000000002a0 .LASF14
C:\Users\hugo\AppData\Local\Temp\cc6T5eTx.s:884    .debug_str:000000000000034b .LASF15
C:\Users\hugo\AppData\Local\Temp\cc6T5eTx.s:882    .debug_str:0000000000000342 .LASF16
C:\Users\hugo\AppData\Local\Temp\cc6T5eTx.s:876    .debug_str:0000000000000324 .LASF17
C:\Users\hugo\AppData\Local\Temp\cc6T5eTx.s:810    .debug_str:00000000000001a2 .LASF18
C:\Users\hugo\AppData\Local\Temp\cc6T5eTx.s:812    .debug_str:00000000000001ad .LASF19
C:\Users\hugo\AppData\Local\Temp\cc6T5eTx.s:814    .debug_str:00000000000001b8 .LASF20
C:\Users\hugo\AppData\Local\Temp\cc6T5eTx.s:816    .debug_str:00000000000001c3 .LASF21
C:\Users\hugo\AppData\Local\Temp\cc6T5eTx.s:818    .debug_str:00000000000001ce .LASF22
C:\Users\hugo\AppData\Local\Temp\cc6T5eTx.s:820    .debug_str:00000000000001d9 .LASF23
C:\Users\hugo\AppData\Local\Temp\cc6T5eTx.s:796    .debug_str:000000000000011b .LASF24
C:\Users\hugo\AppData\Local\Temp\cc6T5eTx.s:804    .debug_str:0000000000000185 .LASF25
C:\Users\hugo\AppData\Local\Temp\cc6T5eTx.s:806    .debug_str:000000000000018e .LASF26
C:\Users\hugo\AppData\Local\Temp\cc6T5eTx.s:872    .debug_str:000000000000030e .LASF27
C:\Users\hugo\AppData\Local\Temp\cc6T5eTx.s:874    .debug_str:0000000000000319 .LASF28
C:\Users\hugo\AppData\Local\Temp\cc6T5eTx.s:878    .debug_str:000000000000032e .LASF29
C:\Users\hugo\AppData\Local\Temp\cc6T5eTx.s:880    .debug_str:0000000000000338 .LASF30
C:\Users\hugo\AppData\Local\Temp\cc6T5eTx.s:846    .debug_str:0000000000000285 .LASF31
C:\Users\hugo\AppData\Local\Temp\cc6T5eTx.s:848    .debug_str:000000000000028e .LASF32
C:\Users\hugo\AppData\Local\Temp\cc6T5eTx.s:792    .debug_str:0000000000000109 .LASF33
C:\Users\hugo\AppData\Local\Temp\cc6T5eTx.s:794    .debug_str:0000000000000112 .LASF34
C:\Users\hugo\AppData\Local\Temp\cc6T5eTx.s:832    .debug_str:0000000000000228 .LASF35
C:\Users\hugo\AppData\Local\Temp\cc6T5eTx.s:842    .debug_str:000000000000026a .LASF36
C:\Users\hugo\AppData\Local\Temp\cc6T5eTx.s:854    .debug_str:00000000000002a9 .LASF37
C:\Users\hugo\AppData\Local\Temp\cc6T5eTx.s:786    .debug_str:00000000000000ef .LASF38
C:\Users\hugo\AppData\Local\Temp\cc6T5eTx.s:768    .debug_str:0000000000000098 .LASF39
C:\Users\hugo\AppData\Local\Temp\cc6T5eTx.s:770    .debug_str:000000000000009f .LASF40
C:\Users\hugo\AppData\Local\Temp\cc6T5eTx.s:772    .debug_str:00000000000000a9 .LASF41
C:\Users\hugo\AppData\Local\Temp\cc6T5eTx.s:774    .debug_str:00000000000000b3 .LASF42
C:\Users\hugo\AppData\Local\Temp\cc6T5eTx.s:776    .debug_str:00000000000000bd .LASF43
C:\Users\hugo\AppData\Local\Temp\cc6T5eTx.s:778    .debug_str:00000000000000c7 .LASF44
C:\Users\hugo\AppData\Local\Temp\cc6T5eTx.s:828    .debug_str:0000000000000216 .LASF45
C:\Users\hugo\AppData\Local\Temp\cc6T5eTx.s:830    .debug_str:000000000000021f .LASF46
C:\Users\hugo\AppData\Local\Temp\cc6T5eTx.s:808    .debug_str:0000000000000197 .LASF47
C:\Users\hugo\AppData\Local\Temp\cc6T5eTx.s:802    .debug_str:000000000000017c .LASF48
C:\Users\hugo\AppData\Local\Temp\cc6T5eTx.s:870    .debug_str:0000000000000303 .LASF49
C:\Users\hugo\AppData\Local\Temp\cc6T5eTx.s:822    .debug_str:00000000000001e4 .LASF50
C:\Users\hugo\AppData\Local\Temp\cc6T5eTx.s:780    .debug_str:00000000000000d1 .LASF61
C:\Users\hugo\AppData\Local\Temp\cc6T5eTx.s:14     .text.startup.main:0000000000000000 .LFB2
C:\Users\hugo\AppData\Local\Temp\cc6T5eTx.s:105    .text.startup.main:000000000000006c .LFE2
C:\Users\hugo\AppData\Local\Temp\cc6T5eTx.s:693    .debug_loc:0000000000000000 .LLST0
C:\Users\hugo\AppData\Local\Temp\cc6T5eTx.s:858    .debug_str:00000000000002c5 .LASF51
C:\Users\hugo\AppData\Local\Temp\cc6T5eTx.s:706    .debug_loc:0000000000000020 .LLST1
C:\Users\hugo\AppData\Local\Temp\cc6T5eTx.s:868    .debug_str:00000000000002fd .LASF52
C:\Users\hugo\AppData\Local\Temp\cc6T5eTx.s:723    .debug_loc:0000000000000045 .LLST2
C:\Users\hugo\AppData\Local\Temp\cc6T5eTx.s:41     .text.startup.main:000000000000001a .LVL1
C:\Users\hugo\AppData\Local\Temp\cc6T5eTx.s:53     .text.startup.main:0000000000000030 .LVL2
C:\Users\hugo\AppData\Local\Temp\cc6T5eTx.s:69     .text.startup.main:0000000000000044 .LVL4
GAS LISTING C:\Users\hugo\AppData\Local\Temp\cc6T5eTx.s 			page 6


C:\Users\hugo\AppData\Local\Temp\cc6T5eTx.s:86     .text.startup.main:000000000000005c .LVL7
C:\Users\hugo\AppData\Local\Temp\cc6T5eTx.s:826    .debug_str:00000000000001fe .LASF53
C:\Users\hugo\AppData\Local\Temp\cc6T5eTx.s:866    .debug_str:00000000000002f3 .LASF54
C:\Users\hugo\AppData\Local\Temp\cc6T5eTx.s:856    .debug_str:00000000000002b1 .LASF55
C:\Users\hugo\AppData\Local\Temp\cc6T5eTx.s:864    .debug_str:00000000000002e3 .LASF56
C:\Users\hugo\AppData\Local\Temp\cc6T5eTx.s:24     .text.startup.main:0000000000000002 .LCFI0
C:\Users\hugo\AppData\Local\Temp\cc6T5eTx.s:19     .text.startup.main:0000000000000000 .LVL0
C:\Users\hugo\AppData\Local\Temp\cc6T5eTx.s:61     .text.startup.main:000000000000003a .LVL3
C:\Users\hugo\AppData\Local\Temp\cc6T5eTx.s:72     .text.startup.main:0000000000000046 .LVL5
C:\Users\hugo\AppData\Local\Temp\cc6T5eTx.s:77     .text.startup.main:0000000000000048 .LVL6
C:\Users\hugo\AppData\Local\Temp\cc6T5eTx.s:115    .debug_info:0000000000000000 .Ldebug_info0
C:\Users\hugo\AppData\Local\Temp\cc6T5eTx.s:47     .text.startup.main:0000000000000024 .LBB2
C:\Users\hugo\AppData\Local\Temp\cc6T5eTx.s:50     .text.startup.main:0000000000000028 .LBE2
C:\Users\hugo\AppData\Local\Temp\cc6T5eTx.s:58     .text.startup.main:0000000000000036 .LBB3
C:\Users\hugo\AppData\Local\Temp\cc6T5eTx.s:63     .text.startup.main:000000000000003a .LBE3
C:\Users\hugo\AppData\Local\Temp\cc6T5eTx.s:88     .text.startup.main:000000000000005c .LBB4
C:\Users\hugo\AppData\Local\Temp\cc6T5eTx.s:103    .text.startup.main:000000000000006c .LBE4

UNDEFINED SYMBOLS
rcu_periph_clock_enable
gpio_init
gpio_input_port_get
gpio_port_write
