GAS LISTING C:\Users\hugo\AppData\Local\Temp\ccMYykP6.s 			page 1


   1              		.file	"read.c"
   2              		.option nopic
   3              		.attribute arch, "rv32i2p0_m2p0_a2p0_c2p0"
   4              		.attribute unaligned_access, 0
   5              		.attribute stack_align, 16
   6              		.text
   7              	.Ltext0:
   8              		.cfi_sections	.debug_frame
   9              		.section	.text._read,"ax",@progbits
  10              		.align	1
  11              		.globl	_read
  13              	_read:
  14              	.LFB1:
  15              		.file 1 "./../../firmware/RISCV/stubs/read.c"
   1:./../../firmware/RISCV/stubs/read.c **** /* See LICENSE of license details. */
   2:./../../firmware/RISCV/stubs/read.c **** 
   3:./../../firmware/RISCV/stubs/read.c **** #include <stdint.h>
   4:./../../firmware/RISCV/stubs/read.c **** #include <errno.h>
   5:./../../firmware/RISCV/stubs/read.c **** #include <unistd.h>
   6:./../../firmware/RISCV/stubs/read.c **** #include <sys/types.h>
   7:./../../firmware/RISCV/stubs/read.c **** 
   8:./../../firmware/RISCV/stubs/read.c **** #include "stub.h"
   9:./../../firmware/RISCV/stubs/read.c **** 
  10:./../../firmware/RISCV/stubs/read.c **** ssize_t _read(int fd, void* ptr, size_t len)
  11:./../../firmware/RISCV/stubs/read.c **** {
  16              		.loc 1 11 1
  17              		.cfi_startproc
  18              	.LVL0:
  12:./../../firmware/RISCV/stubs/read.c ****   return _stub(EBADF);
  19              		.loc 1 12 3
  20              		.file 2 "./../../firmware/RISCV/stubs/stub.h"
   1:./../../firmware/RISCV/stubs/stub.h **** /* See LICENSE of license details. */
   2:./../../firmware/RISCV/stubs/stub.h **** #ifndef _NUCLEI_SYS_STUB_H
   3:./../../firmware/RISCV/stubs/stub.h **** #define _NUCLEI_SYS_STUB_H
   4:./../../firmware/RISCV/stubs/stub.h **** 
   5:./../../firmware/RISCV/stubs/stub.h **** #include <stdint.h>
   6:./../../firmware/RISCV/stubs/stub.h **** #if   defined (__GNUC__)
   7:./../../firmware/RISCV/stubs/stub.h **** #include <unistd.h>
   8:./../../firmware/RISCV/stubs/stub.h **** #endif
   9:./../../firmware/RISCV/stubs/stub.h **** 
  10:./../../firmware/RISCV/stubs/stub.h **** void write_hex(int fd, unsigned long int hex);
  11:./../../firmware/RISCV/stubs/stub.h **** 
  12:./../../firmware/RISCV/stubs/stub.h **** static inline int _stub(int err)
  13:./../../firmware/RISCV/stubs/stub.h **** {
  14:./../../firmware/RISCV/stubs/stub.h ****   return -1;
  21              		.loc 2 14 3
  13:./../../firmware/RISCV/stubs/read.c **** }
  22              		.loc 1 13 1 is_stmt 0
  23 0000 7D55     		li	a0,-1
  24              	.LVL1:
  25 0002 8280     		ret
  26              		.cfi_endproc
  27              	.LFE1:
  29              		.text
  30              	.Letext0:
  31              		.file 3 "c:\\users\\hugo\\kth\\mikrodatorteknik\\toolchain-gd32v-v202-win\\compiler\\lib\\gcc\\ris
  32              		.file 4 "c:\\users\\hugo\\kth\\mikrodatorteknik\\toolchain-gd32v-v202-win\\compiler\\riscv64-unkno
GAS LISTING C:\Users\hugo\AppData\Local\Temp\ccMYykP6.s 			page 2


  33              		.file 5 "c:\\users\\hugo\\kth\\mikrodatorteknik\\toolchain-gd32v-v202-win\\compiler\\riscv64-unkno
  34              		.file 6 "c:\\users\\hugo\\kth\\mikrodatorteknik\\toolchain-gd32v-v202-win\\compiler\\riscv64-unkno
  35              		.file 7 "c:\\users\\hugo\\kth\\mikrodatorteknik\\toolchain-gd32v-v202-win\\compiler\\riscv64-unkno
  36              		.file 8 "c:\\users\\hugo\\kth\\mikrodatorteknik\\toolchain-gd32v-v202-win\\compiler\\riscv64-unkno
  37              		.file 9 "c:\\users\\hugo\\kth\\mikrodatorteknik\\toolchain-gd32v-v202-win\\compiler\\riscv64-unkno
GAS LISTING C:\Users\hugo\AppData\Local\Temp\ccMYykP6.s 			page 3


DEFINED SYMBOLS
                            *ABS*:0000000000000000 read.c
C:\Users\hugo\AppData\Local\Temp\ccMYykP6.s:13     .text._read:0000000000000000 _read
C:\Users\hugo\AppData\Local\Temp\ccMYykP6.s:17     .text._read:0000000000000000 .L0 
C:\Users\hugo\AppData\Local\Temp\ccMYykP6.s:19     .text._read:0000000000000000 .L0 
C:\Users\hugo\AppData\Local\Temp\ccMYykP6.s:21     .text._read:0000000000000000 .L0 
C:\Users\hugo\AppData\Local\Temp\ccMYykP6.s:22     .text._read:0000000000000000 .L0 
C:\Users\hugo\AppData\Local\Temp\ccMYykP6.s:23     .text._read:0000000000000000 .L0 
C:\Users\hugo\AppData\Local\Temp\ccMYykP6.s:26     .text._read:0000000000000004 .L0 
C:\Users\hugo\AppData\Local\Temp\ccMYykP6.s:29     .text._read:0000000000000004 .L0 
                     .debug_frame:0000000000000000 .L0 
C:\Users\hugo\AppData\Local\Temp\ccMYykP6.s:1569   .debug_abbrev:0000000000000000 .Ldebug_abbrev0
C:\Users\hugo\AppData\Local\Temp\ccMYykP6.s:2338   .debug_str:000000000000047b .LASF130
C:\Users\hugo\AppData\Local\Temp\ccMYykP6.s:2144   .debug_str:00000000000000a2 .LASF131
C:\Users\hugo\AppData\Local\Temp\ccMYykP6.s:2214   .debug_str:0000000000000200 .LASF132
C:\Users\hugo\AppData\Local\Temp\ccMYykP6.s:2106   .debug_ranges:0000000000000000 .Ldebug_ranges0
C:\Users\hugo\AppData\Local\Temp\ccMYykP6.s:2112   .debug_line:0000000000000000 .Ldebug_line0
C:\Users\hugo\AppData\Local\Temp\ccMYykP6.s:2152   .debug_str:00000000000000eb .LASF0
C:\Users\hugo\AppData\Local\Temp\ccMYykP6.s:2270   .debug_str:0000000000000350 .LASF1
C:\Users\hugo\AppData\Local\Temp\ccMYykP6.s:2276   .debug_str:000000000000036c .LASF2
C:\Users\hugo\AppData\Local\Temp\ccMYykP6.s:2222   .debug_str:000000000000026d .LASF3
C:\Users\hugo\AppData\Local\Temp\ccMYykP6.s:2168   .debug_str:0000000000000130 .LASF4
C:\Users\hugo\AppData\Local\Temp\ccMYykP6.s:2216   .debug_str:000000000000024e .LASF5
C:\Users\hugo\AppData\Local\Temp\ccMYykP6.s:2150   .debug_str:00000000000000dd .LASF6
C:\Users\hugo\AppData\Local\Temp\ccMYykP6.s:2134   .debug_str:0000000000000062 .LASF7
C:\Users\hugo\AppData\Local\Temp\ccMYykP6.s:2208   .debug_str:00000000000001e4 .LASF8
C:\Users\hugo\AppData\Local\Temp\ccMYykP6.s:2118   .debug_str:0000000000000012 .LASF10
C:\Users\hugo\AppData\Local\Temp\ccMYykP6.s:2252   .debug_str:00000000000002f7 .LASF9
C:\Users\hugo\AppData\Local\Temp\ccMYykP6.s:2236   .debug_str:00000000000002b8 .LASF11
C:\Users\hugo\AppData\Local\Temp\ccMYykP6.s:2264   .debug_str:000000000000032d .LASF12
C:\Users\hugo\AppData\Local\Temp\ccMYykP6.s:2322   .debug_str:000000000000043e .LASF13
C:\Users\hugo\AppData\Local\Temp\ccMYykP6.s:2358   .debug_str:000000000000055b .LASF14
C:\Users\hugo\AppData\Local\Temp\ccMYykP6.s:2232   .debug_str:00000000000002aa .LASF15
C:\Users\hugo\AppData\Local\Temp\ccMYykP6.s:2210   .debug_str:00000000000001f1 .LASF16
C:\Users\hugo\AppData\Local\Temp\ccMYykP6.s:2314   .debug_str:000000000000041c .LASF17
C:\Users\hugo\AppData\Local\Temp\ccMYykP6.s:2316   .debug_str:0000000000000424 .LASF18
C:\Users\hugo\AppData\Local\Temp\ccMYykP6.s:2286   .debug_str:0000000000000394 .LASF19
C:\Users\hugo\AppData\Local\Temp\ccMYykP6.s:2344   .debug_str:0000000000000511 .LASF20
C:\Users\hugo\AppData\Local\Temp\ccMYykP6.s:2268   .debug_str:000000000000033e .LASF21
C:\Users\hugo\AppData\Local\Temp\ccMYykP6.s:2194   .debug_str:00000000000001a7 .LASF22
C:\Users\hugo\AppData\Local\Temp\ccMYykP6.s:2198   .debug_str:00000000000001b8 .LASF27
C:\Users\hugo\AppData\Local\Temp\ccMYykP6.s:2334   .debug_str:0000000000000468 .LASF23
C:\Users\hugo\AppData\Local\Temp\ccMYykP6.s:2308   .debug_str:0000000000000407 .LASF24
C:\Users\hugo\AppData\Local\Temp\ccMYykP6.s:2192   .debug_str:00000000000001a1 .LASF25
C:\Users\hugo\AppData\Local\Temp\ccMYykP6.s:2352   .debug_str:0000000000000546 .LASF26
C:\Users\hugo\AppData\Local\Temp\ccMYykP6.s:2206   .debug_str:00000000000001df .LASF28
C:\Users\hugo\AppData\Local\Temp\ccMYykP6.s:2148   .debug_str:00000000000000d4 .LASF29
C:\Users\hugo\AppData\Local\Temp\ccMYykP6.s:2328   .debug_str:0000000000000452 .LASF30
C:\Users\hugo\AppData\Local\Temp\ccMYykP6.s:2158   .debug_str:0000000000000103 .LASF31
C:\Users\hugo\AppData\Local\Temp\ccMYykP6.s:2382   .debug_str:00000000000005c6 .LASF32
C:\Users\hugo\AppData\Local\Temp\ccMYykP6.s:2258   .debug_str:0000000000000311 .LASF33
C:\Users\hugo\AppData\Local\Temp\ccMYykP6.s:2246   .debug_str:00000000000002dd .LASF34
C:\Users\hugo\AppData\Local\Temp\ccMYykP6.s:2354   .debug_str:000000000000054b .LASF35
C:\Users\hugo\AppData\Local\Temp\ccMYykP6.s:2278   .debug_str:0000000000000376 .LASF36
C:\Users\hugo\AppData\Local\Temp\ccMYykP6.s:2368   .debug_str:0000000000000586 .LASF37
C:\Users\hugo\AppData\Local\Temp\ccMYykP6.s:2162   .debug_str:0000000000000112 .LASF38
C:\Users\hugo\AppData\Local\Temp\ccMYykP6.s:2188   .debug_str:0000000000000194 .LASF39
GAS LISTING C:\Users\hugo\AppData\Local\Temp\ccMYykP6.s 			page 4


C:\Users\hugo\AppData\Local\Temp\ccMYykP6.s:2114   .debug_str:0000000000000000 .LASF40
C:\Users\hugo\AppData\Local\Temp\ccMYykP6.s:2340   .debug_str:0000000000000503 .LASF41
C:\Users\hugo\AppData\Local\Temp\ccMYykP6.s:2172   .debug_str:0000000000000140 .LASF42
C:\Users\hugo\AppData\Local\Temp\ccMYykP6.s:2260   .debug_str:000000000000031a .LASF43
C:\Users\hugo\AppData\Local\Temp\ccMYykP6.s:2300   .debug_str:00000000000003d7 .LASF44
C:\Users\hugo\AppData\Local\Temp\ccMYykP6.s:2190   .debug_str:000000000000019c .LASF45
C:\Users\hugo\AppData\Local\Temp\ccMYykP6.s:2280   .debug_str:0000000000000380 .LASF46
C:\Users\hugo\AppData\Local\Temp\ccMYykP6.s:2156   .debug_str:00000000000000fd .LASF47
C:\Users\hugo\AppData\Local\Temp\ccMYykP6.s:2116   .debug_str:000000000000000c .LASF48
C:\Users\hugo\AppData\Local\Temp\ccMYykP6.s:2288   .debug_str:000000000000039f .LASF49
C:\Users\hugo\AppData\Local\Temp\ccMYykP6.s:2170   .debug_str:0000000000000139 .LASF50
C:\Users\hugo\AppData\Local\Temp\ccMYykP6.s:2218   .debug_str:0000000000000260 .LASF51
C:\Users\hugo\AppData\Local\Temp\ccMYykP6.s:2136   .debug_str:0000000000000079 .LASF52
C:\Users\hugo\AppData\Local\Temp\ccMYykP6.s:2164   .debug_str:0000000000000120 .LASF53
C:\Users\hugo\AppData\Local\Temp\ccMYykP6.s:2202   .debug_str:00000000000001cf .LASF54
C:\Users\hugo\AppData\Local\Temp\ccMYykP6.s:2244   .debug_str:00000000000002d6 .LASF55
C:\Users\hugo\AppData\Local\Temp\ccMYykP6.s:2318   .debug_str:000000000000042c .LASF56
C:\Users\hugo\AppData\Local\Temp\ccMYykP6.s:2372   .debug_str:00000000000005a0 .LASF57
C:\Users\hugo\AppData\Local\Temp\ccMYykP6.s:2154   .debug_str:00000000000000f7 .LASF58
C:\Users\hugo\AppData\Local\Temp\ccMYykP6.s:2364   .debug_str:0000000000000578 .LASF59
C:\Users\hugo\AppData\Local\Temp\ccMYykP6.s:2176   .debug_str:000000000000014f .LASF60
C:\Users\hugo\AppData\Local\Temp\ccMYykP6.s:2182   .debug_str:000000000000016d .LASF61
C:\Users\hugo\AppData\Local\Temp\ccMYykP6.s:2128   .debug_str:000000000000003c .LASF62
C:\Users\hugo\AppData\Local\Temp\ccMYykP6.s:2238   .debug_str:00000000000002bf .LASF63
C:\Users\hugo\AppData\Local\Temp\ccMYykP6.s:2292   .debug_str:00000000000003b1 .LASF64
C:\Users\hugo\AppData\Local\Temp\ccMYykP6.s:2240   .debug_str:00000000000002c5 .LASF65
C:\Users\hugo\AppData\Local\Temp\ccMYykP6.s:2310   .debug_str:000000000000040f .LASF66
C:\Users\hugo\AppData\Local\Temp\ccMYykP6.s:2324   .debug_str:0000000000000446 .LASF67
C:\Users\hugo\AppData\Local\Temp\ccMYykP6.s:2174   .debug_str:0000000000000148 .LASF68
C:\Users\hugo\AppData\Local\Temp\ccMYykP6.s:2212   .debug_str:00000000000001f8 .LASF69
C:\Users\hugo\AppData\Local\Temp\ccMYykP6.s:2196   .debug_str:00000000000001b0 .LASF70
C:\Users\hugo\AppData\Local\Temp\ccMYykP6.s:2298   .debug_str:00000000000003d2 .LASF71
C:\Users\hugo\AppData\Local\Temp\ccMYykP6.s:2122   .debug_str:0000000000000021 .LASF72
C:\Users\hugo\AppData\Local\Temp\ccMYykP6.s:2306   .debug_str:00000000000003ee .LASF73
C:\Users\hugo\AppData\Local\Temp\ccMYykP6.s:2302   .debug_str:00000000000003dc .LASF74
C:\Users\hugo\AppData\Local\Temp\ccMYykP6.s:2262   .debug_str:0000000000000322 .LASF75
C:\Users\hugo\AppData\Local\Temp\ccMYykP6.s:2304   .debug_str:00000000000003e4 .LASF76
C:\Users\hugo\AppData\Local\Temp\ccMYykP6.s:2230   .debug_str:00000000000002a2 .LASF77
C:\Users\hugo\AppData\Local\Temp\ccMYykP6.s:2204   .debug_str:00000000000001d5 .LASF78
C:\Users\hugo\AppData\Local\Temp\ccMYykP6.s:2380   .debug_str:00000000000005c1 .LASF79
C:\Users\hugo\AppData\Local\Temp\ccMYykP6.s:2266   .debug_str:0000000000000334 .LASF80
C:\Users\hugo\AppData\Local\Temp\ccMYykP6.s:2124   .debug_str:000000000000002c .LASF81
C:\Users\hugo\AppData\Local\Temp\ccMYykP6.s:2180   .debug_str:0000000000000165 .LASF82
C:\Users\hugo\AppData\Local\Temp\ccMYykP6.s:2272   .debug_str:000000000000035e .LASF83
C:\Users\hugo\AppData\Local\Temp\ccMYykP6.s:2224   .debug_str:0000000000000280 .LASF84
C:\Users\hugo\AppData\Local\Temp\ccMYykP6.s:2362   .debug_str:000000000000056e .LASF85
C:\Users\hugo\AppData\Local\Temp\ccMYykP6.s:2166   .debug_str:0000000000000128 .LASF86
C:\Users\hugo\AppData\Local\Temp\ccMYykP6.s:2160   .debug_str:000000000000010d .LASF87
C:\Users\hugo\AppData\Local\Temp\ccMYykP6.s:2326   .debug_str:000000000000044d .LASF88
C:\Users\hugo\AppData\Local\Temp\ccMYykP6.s:2284   .debug_str:000000000000038d .LASF89
C:\Users\hugo\AppData\Local\Temp\ccMYykP6.s:2356   .debug_str:0000000000000555 .LASF90
C:\Users\hugo\AppData\Local\Temp\ccMYykP6.s:2220   .debug_str:0000000000000266 .LASF91
C:\Users\hugo\AppData\Local\Temp\ccMYykP6.s:2282   .debug_str:0000000000000387 .LASF92
C:\Users\hugo\AppData\Local\Temp\ccMYykP6.s:2120   .debug_str:0000000000000019 .LASF93
C:\Users\hugo\AppData\Local\Temp\ccMYykP6.s:2312   .debug_str:0000000000000416 .LASF94
C:\Users\hugo\AppData\Local\Temp\ccMYykP6.s:2332   .debug_str:0000000000000462 .LASF95
C:\Users\hugo\AppData\Local\Temp\ccMYykP6.s:2342   .debug_str:000000000000050c .LASF96
GAS LISTING C:\Users\hugo\AppData\Local\Temp\ccMYykP6.s 			page 5


C:\Users\hugo\AppData\Local\Temp\ccMYykP6.s:2350   .debug_str:0000000000000539 .LASF97
C:\Users\hugo\AppData\Local\Temp\ccMYykP6.s:2336   .debug_str:000000000000046e .LASF98
C:\Users\hugo\AppData\Local\Temp\ccMYykP6.s:2228   .debug_str:0000000000000295 .LASF99
C:\Users\hugo\AppData\Local\Temp\ccMYykP6.s:2370   .debug_str:0000000000000591 .LASF100
C:\Users\hugo\AppData\Local\Temp\ccMYykP6.s:2200   .debug_str:00000000000001c0 .LASF101
C:\Users\hugo\AppData\Local\Temp\ccMYykP6.s:2294   .debug_str:00000000000003ba .LASF102
C:\Users\hugo\AppData\Local\Temp\ccMYykP6.s:2374   .debug_str:00000000000005a7 .LASF103
C:\Users\hugo\AppData\Local\Temp\ccMYykP6.s:2296   .debug_str:00000000000003c5 .LASF104
C:\Users\hugo\AppData\Local\Temp\ccMYykP6.s:2378   .debug_str:00000000000005b3 .LASF105
C:\Users\hugo\AppData\Local\Temp\ccMYykP6.s:2146   .debug_str:00000000000000c6 .LASF106
C:\Users\hugo\AppData\Local\Temp\ccMYykP6.s:2360   .debug_str:0000000000000564 .LASF107
C:\Users\hugo\AppData\Local\Temp\ccMYykP6.s:2226   .debug_str:0000000000000289 .LASF108
C:\Users\hugo\AppData\Local\Temp\ccMYykP6.s:2346   .debug_str:0000000000000519 .LASF109
C:\Users\hugo\AppData\Local\Temp\ccMYykP6.s:2186   .debug_str:0000000000000186 .LASF110
C:\Users\hugo\AppData\Local\Temp\ccMYykP6.s:2142   .debug_str:0000000000000093 .LASF111
C:\Users\hugo\AppData\Local\Temp\ccMYykP6.s:2184   .debug_str:0000000000000175 .LASF112
C:\Users\hugo\AppData\Local\Temp\ccMYykP6.s:2130   .debug_str:0000000000000042 .LASF113
C:\Users\hugo\AppData\Local\Temp\ccMYykP6.s:2132   .debug_str:0000000000000051 .LASF114
C:\Users\hugo\AppData\Local\Temp\ccMYykP6.s:2274   .debug_str:0000000000000363 .LASF115
C:\Users\hugo\AppData\Local\Temp\ccMYykP6.s:2256   .debug_str:000000000000030a .LASF116
C:\Users\hugo\AppData\Local\Temp\ccMYykP6.s:2248   .debug_str:00000000000002e7 .LASF117
C:\Users\hugo\AppData\Local\Temp\ccMYykP6.s:2366   .debug_str:000000000000057e .LASF118
C:\Users\hugo\AppData\Local\Temp\ccMYykP6.s:2138   .debug_str:0000000000000082 .LASF133
C:\Users\hugo\AppData\Local\Temp\ccMYykP6.s:2320   .debug_str:0000000000000432 .LASF119
C:\Users\hugo\AppData\Local\Temp\ccMYykP6.s:2348   .debug_str:0000000000000526 .LASF120
C:\Users\hugo\AppData\Local\Temp\ccMYykP6.s:2178   .debug_str:0000000000000158 .LASF121
C:\Users\hugo\AppData\Local\Temp\ccMYykP6.s:2290   .debug_str:00000000000003a7 .LASF122
C:\Users\hugo\AppData\Local\Temp\ccMYykP6.s:2126   .debug_str:0000000000000034 .LASF123
C:\Users\hugo\AppData\Local\Temp\ccMYykP6.s:2234   .debug_str:00000000000002b0 .LASF124
C:\Users\hugo\AppData\Local\Temp\ccMYykP6.s:2250   .debug_str:00000000000002f0 .LASF125
C:\Users\hugo\AppData\Local\Temp\ccMYykP6.s:2254   .debug_str:0000000000000303 .LASF126
C:\Users\hugo\AppData\Local\Temp\ccMYykP6.s:2330   .debug_str:000000000000045b .LASF127
C:\Users\hugo\AppData\Local\Temp\ccMYykP6.s:2376   .debug_str:00000000000005ac .LASF128
C:\Users\hugo\AppData\Local\Temp\ccMYykP6.s:2242   .debug_str:00000000000002cd .LASF129
C:\Users\hugo\AppData\Local\Temp\ccMYykP6.s:14     .text._read:0000000000000000 .LFB1
C:\Users\hugo\AppData\Local\Temp\ccMYykP6.s:27     .text._read:0000000000000004 .LFE1
C:\Users\hugo\AppData\Local\Temp\ccMYykP6.s:2079   .debug_loc:0000000000000000 .LLST0
C:\Users\hugo\AppData\Local\Temp\ccMYykP6.s:2140   .debug_str:000000000000008d .LASF134
C:\Users\hugo\AppData\Local\Temp\ccMYykP6.s:18     .text._read:0000000000000000 .LVL0
C:\Users\hugo\AppData\Local\Temp\ccMYykP6.s:24     .text._read:0000000000000002 .LVL1
C:\Users\hugo\AppData\Local\Temp\ccMYykP6.s:39     .debug_info:0000000000000000 .Ldebug_info0

NO UNDEFINED SYMBOLS
